../Core/Src/main.c:111:10:clamp	16	static
../Core/Src/main.c:119:6:CDC_On_Receive	16	static
../Core/Src/main.c:130:6:enc_init	8	static
../Core/Src/main.c:137:6:pwm_init	8	static
../Core/Src/main.c:161:6:motor_status_update	16	static
../Core/Src/main.c:176:10:motor_pwm	32	static
../Core/Src/main.c:231:6:motor_direction	16	static
../Core/Src/main.c:246:6:wake_drivers_up	16	static,ignoring_inline_asm
../Core/Src/main.c:254:6:thrower_pwm	16	static
../Core/Src/main.c:273:6:HAL_TIM_PeriodElapsedCallback	16	static
../Core/Src/main.c:306:5:main	24	static
../Core/Src/main.c:395:6:SystemClock_Config	88	static
../Core/Src/main.c:443:13:MX_TIM1_Init	56	static
../Core/Src/main.c:494:13:MX_TIM2_Init	48	static
../Core/Src/main.c:543:13:MX_TIM3_Init	56	static
../Core/Src/main.c:592:13:MX_TIM4_Init	56	static
../Core/Src/main.c:641:13:MX_TIM6_Init	24	static
../Core/Src/main.c:679:13:MX_TIM8_Init	104	static
../Core/Src/main.c:759:13:MX_TIM15_Init	104	static
../Core/Src/main.c:829:13:MX_GPIO_Init	40	static
../Core/Src/main.c:884:6:Error_Handler	4	static,ignoring_inline_asm
