../Core/Src/main.c:101:6:CDC_On_Receive	16	static
../Core/Src/main.c:111:6:enc_init	8	static
../Core/Src/main.c:118:6:pwm_init	8	static
../Core/Src/main.c:129:6:motor_status_update	16	static
../Core/Src/main.c:144:10:motor_pwm	40	static
../Core/Src/main.c:185:6:motor_direction	16	static
../Core/Src/main.c:200:6:wake_drivers_up	16	static,ignoring_inline_asm
../Core/Src/main.c:209:6:HAL_TIM_PeriodElapsedCallback	16	static
../Core/Src/main.c:226:5:main	24	static
../Core/Src/main.c:307:6:SystemClock_Config	88	static
../Core/Src/main.c:355:13:MX_TIM1_Init	56	static
../Core/Src/main.c:406:13:MX_TIM2_Init	48	static
../Core/Src/main.c:455:13:MX_TIM3_Init	56	static
../Core/Src/main.c:504:13:MX_TIM4_Init	56	static
../Core/Src/main.c:553:13:MX_TIM6_Init	24	static
../Core/Src/main.c:591:13:MX_TIM8_Init	104	static
../Core/Src/main.c:671:13:MX_TIM15_Init	104	static
../Core/Src/main.c:741:13:MX_GPIO_Init	40	static
../Core/Src/main.c:796:6:Error_Handler	4	static,ignoring_inline_asm
