../Core/Src/main.c:106:6:CDC_On_Receive	16	static
../Core/Src/main.c:116:6:enc_init	8	static
../Core/Src/main.c:123:6:pwm_init	8	static
../Core/Src/main.c:135:6:motor_status_update	16	static
../Core/Src/main.c:150:10:motor_pwm	40	static
../Core/Src/main.c:192:6:motor_direction	16	static
../Core/Src/main.c:207:6:wake_drivers_up	16	static,ignoring_inline_asm
../Core/Src/main.c:215:6:thrower_pwm	24	static
../Core/Src/main.c:234:6:HAL_TIM_PeriodElapsedCallback	16	static
../Core/Src/main.c:251:5:main	24	static
../Core/Src/main.c:335:6:SystemClock_Config	88	static
../Core/Src/main.c:383:13:MX_TIM1_Init	56	static
../Core/Src/main.c:434:13:MX_TIM2_Init	48	static
../Core/Src/main.c:483:13:MX_TIM3_Init	56	static
../Core/Src/main.c:532:13:MX_TIM4_Init	56	static
../Core/Src/main.c:581:13:MX_TIM6_Init	24	static
../Core/Src/main.c:619:13:MX_TIM8_Init	104	static
../Core/Src/main.c:699:13:MX_TIM15_Init	104	static
../Core/Src/main.c:767:13:MX_DMA_Init	16	static
../Core/Src/main.c:786:13:MX_GPIO_Init	40	static
../Core/Src/main.c:841:6:Error_Handler	4	static,ignoring_inline_asm
