../Core/Src/main.c:119:10:clamp	16	static
../Core/Src/main.c:127:6:CDC_On_Receive	16	static
../Core/Src/main.c:138:6:enc_init	8	static
../Core/Src/main.c:145:6:pwm_init	8	static
../Core/Src/main.c:166:6:motor_status_update	16	static
../Core/Src/main.c:184:10:motor_pwm	64	static
../Core/Src/main.c:227:6:motor_direction	16	static
../Core/Src/main.c:242:6:wake_drivers_up	16	static,ignoring_inline_asm
../Core/Src/main.c:252:6:HAL_TIM_PeriodElapsedCallback	16	static
../Core/Src/main.c:283:5:main	40	static
../Core/Src/main.c:364:6:SystemClock_Config	88	static
../Core/Src/main.c:412:13:MX_TIM1_Init	56	static
../Core/Src/main.c:463:13:MX_TIM2_Init	48	static
../Core/Src/main.c:512:13:MX_TIM3_Init	56	static
../Core/Src/main.c:561:13:MX_TIM4_Init	56	static
../Core/Src/main.c:610:13:MX_TIM6_Init	24	static
../Core/Src/main.c:648:13:MX_TIM8_Init	104	static
../Core/Src/main.c:728:13:MX_TIM15_Init	104	static
../Core/Src/main.c:798:13:MX_GPIO_Init	40	static
../Core/Src/main.c:853:6:Error_Handler	4	static,ignoring_inline_asm
