../Core/Src/main.c:108:10:clamp	16	static
../Core/Src/main.c:116:6:CDC_On_Receive	16	static
../Core/Src/main.c:127:6:enc_init	8	static
../Core/Src/main.c:134:6:pwm_init	8	static
../Core/Src/main.c:158:6:motor_status_update	16	static
../Core/Src/main.c:176:10:motor_pwm	32	static
../Core/Src/main.c:225:6:motor_direction	16	static
../Core/Src/main.c:240:6:wake_drivers_up	16	static,ignoring_inline_asm
../Core/Src/main.c:250:6:HAL_TIM_PeriodElapsedCallback	16	static
../Core/Src/main.c:283:5:main	24	static
../Core/Src/main.c:367:6:SystemClock_Config	88	static
../Core/Src/main.c:415:13:MX_TIM1_Init	56	static
../Core/Src/main.c:466:13:MX_TIM2_Init	48	static
../Core/Src/main.c:515:13:MX_TIM3_Init	56	static
../Core/Src/main.c:564:13:MX_TIM4_Init	56	static
../Core/Src/main.c:613:13:MX_TIM6_Init	24	static
../Core/Src/main.c:651:13:MX_TIM8_Init	104	static
../Core/Src/main.c:731:13:MX_TIM15_Init	104	static
../Core/Src/main.c:801:13:MX_GPIO_Init	40	static
../Core/Src/main.c:856:6:Error_Handler	4	static,ignoring_inline_asm
