../Core/Src/main.c:108:10:clamp	16	static
../Core/Src/main.c:116:6:CDC_On_Receive	16	static
../Core/Src/main.c:127:6:enc_init	8	static
../Core/Src/main.c:134:6:pwm_init	8	static
../Core/Src/main.c:155:6:motor_status_update	16	static
../Core/Src/main.c:172:10:motor_pwm	32	static
../Core/Src/main.c:216:6:motor_direction	16	static
../Core/Src/main.c:231:6:wake_drivers_up	16	static,ignoring_inline_asm
../Core/Src/main.c:241:6:HAL_TIM_PeriodElapsedCallback	16	static
../Core/Src/main.c:272:5:main	40	static
../Core/Src/main.c:363:6:SystemClock_Config	88	static
../Core/Src/main.c:411:13:MX_TIM1_Init	56	static
../Core/Src/main.c:462:13:MX_TIM2_Init	48	static
../Core/Src/main.c:511:13:MX_TIM3_Init	56	static
../Core/Src/main.c:560:13:MX_TIM4_Init	56	static
../Core/Src/main.c:609:13:MX_TIM6_Init	24	static
../Core/Src/main.c:647:13:MX_TIM8_Init	104	static
../Core/Src/main.c:727:13:MX_TIM15_Init	104	static
../Core/Src/main.c:797:13:MX_GPIO_Init	40	static
../Core/Src/main.c:852:6:Error_Handler	4	static,ignoring_inline_asm
