../Core/Src/main.c:94:6:CDC_On_Receive	16	static
../Core/Src/main.c:103:6:enc_init	8	static
../Core/Src/main.c:109:6:motor_status_update	16	static
../Core/Src/main.c:126:5:main	16	static
../Core/Src/main.c:197:6:SystemClock_Config	88	static
../Core/Src/main.c:244:13:MX_TIM1_Init	56	static
../Core/Src/main.c:295:13:MX_TIM2_Init	48	static
../Core/Src/main.c:344:13:MX_TIM3_Init	56	static
../Core/Src/main.c:393:13:MX_TIM4_Init	56	static
../Core/Src/main.c:442:13:MX_TIM6_Init	24	static
../Core/Src/main.c:480:13:MX_TIM8_Init	104	static
../Core/Src/main.c:560:13:MX_TIM15_Init	104	static
../Core/Src/main.c:630:13:MX_GPIO_Init	40	static
../Core/Src/main.c:685:6:Error_Handler	4	static,ignoring_inline_asm
