../Core/Src/main.c:106:10:clamp	16	static
../Core/Src/main.c:114:6:CDC_On_Receive	16	static
../Core/Src/main.c:125:6:enc_init	8	static
../Core/Src/main.c:132:6:pwm_init	8	static
../Core/Src/main.c:153:6:motor_status_update	16	static
../Core/Src/main.c:170:10:motor_pwm	32	static
../Core/Src/main.c:215:6:motor_direction	16	static
../Core/Src/main.c:230:6:wake_drivers_up	16	static,ignoring_inline_asm
../Core/Src/main.c:240:6:HAL_TIM_PeriodElapsedCallback	16	static
../Core/Src/main.c:271:5:main	24	static
../Core/Src/main.c:355:6:SystemClock_Config	88	static
../Core/Src/main.c:403:13:MX_TIM1_Init	56	static
../Core/Src/main.c:454:13:MX_TIM2_Init	48	static
../Core/Src/main.c:503:13:MX_TIM3_Init	56	static
../Core/Src/main.c:552:13:MX_TIM4_Init	56	static
../Core/Src/main.c:601:13:MX_TIM6_Init	24	static
../Core/Src/main.c:639:13:MX_TIM8_Init	104	static
../Core/Src/main.c:719:13:MX_TIM15_Init	104	static
../Core/Src/main.c:789:13:MX_GPIO_Init	40	static
../Core/Src/main.c:844:6:Error_Handler	4	static,ignoring_inline_asm
