../Core/Src/main.c:94:6:CDC_On_Receive	16	static
../Core/Src/main.c:103:6:enc_init	8	static
../Core/Src/main.c:109:6:motor_status_update	16	static
../Core/Src/main.c:121:6:wake_drivers_up	16	static,ignoring_inline_asm
../Core/Src/main.c:133:5:main	16	static
../Core/Src/main.c:212:6:SystemClock_Config	88	static
../Core/Src/main.c:259:13:MX_TIM1_Init	56	static
../Core/Src/main.c:310:13:MX_TIM2_Init	48	static
../Core/Src/main.c:359:13:MX_TIM3_Init	56	static
../Core/Src/main.c:408:13:MX_TIM4_Init	56	static
../Core/Src/main.c:457:13:MX_TIM6_Init	24	static
../Core/Src/main.c:495:13:MX_TIM8_Init	104	static
../Core/Src/main.c:575:13:MX_TIM15_Init	104	static
../Core/Src/main.c:645:13:MX_GPIO_Init	40	static
../Core/Src/main.c:700:6:Error_Handler	4	static,ignoring_inline_asm
