../Core/Src/main.c:110:10:clamp	16	static
../Core/Src/main.c:118:6:CDC_On_Receive	16	static
../Core/Src/main.c:129:6:enc_init	8	static
../Core/Src/main.c:136:6:pwm_init	8	static
../Core/Src/main.c:160:6:motor_status_update	16	static
../Core/Src/main.c:176:10:motor_pwm	40	static
../Core/Src/main.c:224:6:motor_direction	16	static
../Core/Src/main.c:239:6:wake_drivers_up	16	static,ignoring_inline_asm
../Core/Src/main.c:247:6:thrower_pwm	16	static
../Core/Src/main.c:266:6:HAL_TIM_PeriodElapsedCallback	16	static
../Core/Src/main.c:298:5:main	24	static
../Core/Src/main.c:381:6:SystemClock_Config	88	static
../Core/Src/main.c:429:13:MX_TIM1_Init	56	static
../Core/Src/main.c:480:13:MX_TIM2_Init	48	static
../Core/Src/main.c:529:13:MX_TIM3_Init	56	static
../Core/Src/main.c:578:13:MX_TIM4_Init	56	static
../Core/Src/main.c:627:13:MX_TIM6_Init	24	static
../Core/Src/main.c:665:13:MX_TIM8_Init	104	static
../Core/Src/main.c:745:13:MX_TIM15_Init	104	static
../Core/Src/main.c:815:13:MX_GPIO_Init	40	static
../Core/Src/main.c:870:6:Error_Handler	4	static,ignoring_inline_asm
