Archive member included to satisfy reference by file (symbol)

c:/st/stm32cubeide_1.10.1/stm32cubeide/plugins/com.st.stm32cube.ide.mcu.externaltools.gnu-tools-for-stm32.10.3-2021.10.win32_1.0.0.202111181127/tools/bin/../lib/gcc/arm-none-eabi/10.3.1/../../../../arm-none-eabi/lib/thumb/v7e-m+fp/hard\libc_nano.a(lib_a-errno.o)
                              ./Core/Src/syscalls.o (__errno)
c:/st/stm32cubeide_1.10.1/stm32cubeide/plugins/com.st.stm32cube.ide.mcu.externaltools.gnu-tools-for-stm32.10.3-2021.10.win32_1.0.0.202111181127/tools/bin/../lib/gcc/arm-none-eabi/10.3.1/../../../../arm-none-eabi/lib/thumb/v7e-m+fp/hard\libc_nano.a(lib_a-exit.o)
                              c:/st/stm32cubeide_1.10.1/stm32cubeide/plugins/com.st.stm32cube.ide.mcu.externaltools.gnu-tools-for-stm32.10.3-2021.10.win32_1.0.0.202111181127/tools/bin/../lib/gcc/arm-none-eabi/10.3.1/../../../../arm-none-eabi/lib/thumb/v7e-m+fp/hard/crt0.o (exit)
c:/st/stm32cubeide_1.10.1/stm32cubeide/plugins/com.st.stm32cube.ide.mcu.externaltools.gnu-tools-for-stm32.10.3-2021.10.win32_1.0.0.202111181127/tools/bin/../lib/gcc/arm-none-eabi/10.3.1/../../../../arm-none-eabi/lib/thumb/v7e-m+fp/hard\libc_nano.a(lib_a-impure.o)
                              c:/st/stm32cubeide_1.10.1/stm32cubeide/plugins/com.st.stm32cube.ide.mcu.externaltools.gnu-tools-for-stm32.10.3-2021.10.win32_1.0.0.202111181127/tools/bin/../lib/gcc/arm-none-eabi/10.3.1/../../../../arm-none-eabi/lib/thumb/v7e-m+fp/hard\libc_nano.a(lib_a-exit.o) (_global_impure_ptr)
c:/st/stm32cubeide_1.10.1/stm32cubeide/plugins/com.st.stm32cube.ide.mcu.externaltools.gnu-tools-for-stm32.10.3-2021.10.win32_1.0.0.202111181127/tools/bin/../lib/gcc/arm-none-eabi/10.3.1/../../../../arm-none-eabi/lib/thumb/v7e-m+fp/hard\libc_nano.a(lib_a-init.o)
                              c:/st/stm32cubeide_1.10.1/stm32cubeide/plugins/com.st.stm32cube.ide.mcu.externaltools.gnu-tools-for-stm32.10.3-2021.10.win32_1.0.0.202111181127/tools/bin/../lib/gcc/arm-none-eabi/10.3.1/../../../../arm-none-eabi/lib/thumb/v7e-m+fp/hard/crt0.o (__libc_init_array)
c:/st/stm32cubeide_1.10.1/stm32cubeide/plugins/com.st.stm32cube.ide.mcu.externaltools.gnu-tools-for-stm32.10.3-2021.10.win32_1.0.0.202111181127/tools/bin/../lib/gcc/arm-none-eabi/10.3.1/../../../../arm-none-eabi/lib/thumb/v7e-m+fp/hard\libc_nano.a(lib_a-memcpy-stub.o)
                              ./Core/Src/main.o (memcpy)
c:/st/stm32cubeide_1.10.1/stm32cubeide/plugins/com.st.stm32cube.ide.mcu.externaltools.gnu-tools-for-stm32.10.3-2021.10.win32_1.0.0.202111181127/tools/bin/../lib/gcc/arm-none-eabi/10.3.1/../../../../arm-none-eabi/lib/thumb/v7e-m+fp/hard\libc_nano.a(lib_a-memset.o)
                              c:/st/stm32cubeide_1.10.1/stm32cubeide/plugins/com.st.stm32cube.ide.mcu.externaltools.gnu-tools-for-stm32.10.3-2021.10.win32_1.0.0.202111181127/tools/bin/../lib/gcc/arm-none-eabi/10.3.1/../../../../arm-none-eabi/lib/thumb/v7e-m+fp/hard/crt0.o (memset)

Discarded input sections

 .text          0x0000000000000000        0x0 c:/st/stm32cubeide_1.10.1/stm32cubeide/plugins/com.st.stm32cube.ide.mcu.externaltools.gnu-tools-for-stm32.10.3-2021.10.win32_1.0.0.202111181127/tools/bin/../lib/gcc/arm-none-eabi/10.3.1/thumb/v7e-m+fp/hard/crti.o
 .data          0x0000000000000000        0x0 c:/st/stm32cubeide_1.10.1/stm32cubeide/plugins/com.st.stm32cube.ide.mcu.externaltools.gnu-tools-for-stm32.10.3-2021.10.win32_1.0.0.202111181127/tools/bin/../lib/gcc/arm-none-eabi/10.3.1/thumb/v7e-m+fp/hard/crti.o
 .bss           0x0000000000000000        0x0 c:/st/stm32cubeide_1.10.1/stm32cubeide/plugins/com.st.stm32cube.ide.mcu.externaltools.gnu-tools-for-stm32.10.3-2021.10.win32_1.0.0.202111181127/tools/bin/../lib/gcc/arm-none-eabi/10.3.1/thumb/v7e-m+fp/hard/crti.o
 .data          0x0000000000000000        0x4 c:/st/stm32cubeide_1.10.1/stm32cubeide/plugins/com.st.stm32cube.ide.mcu.externaltools.gnu-tools-for-stm32.10.3-2021.10.win32_1.0.0.202111181127/tools/bin/../lib/gcc/arm-none-eabi/10.3.1/thumb/v7e-m+fp/hard/crtbegin.o
 .rodata        0x0000000000000000       0x24 c:/st/stm32cubeide_1.10.1/stm32cubeide/plugins/com.st.stm32cube.ide.mcu.externaltools.gnu-tools-for-stm32.10.3-2021.10.win32_1.0.0.202111181127/tools/bin/../lib/gcc/arm-none-eabi/10.3.1/thumb/v7e-m+fp/hard/crtbegin.o
 .text          0x0000000000000000       0x7c c:/st/stm32cubeide_1.10.1/stm32cubeide/plugins/com.st.stm32cube.ide.mcu.externaltools.gnu-tools-for-stm32.10.3-2021.10.win32_1.0.0.202111181127/tools/bin/../lib/gcc/arm-none-eabi/10.3.1/../../../../arm-none-eabi/lib/thumb/v7e-m+fp/hard/crt0.o
 .data          0x0000000000000000        0x0 c:/st/stm32cubeide_1.10.1/stm32cubeide/plugins/com.st.stm32cube.ide.mcu.externaltools.gnu-tools-for-stm32.10.3-2021.10.win32_1.0.0.202111181127/tools/bin/../lib/gcc/arm-none-eabi/10.3.1/../../../../arm-none-eabi/lib/thumb/v7e-m+fp/hard/crt0.o
[...]
Memory Configuration

Name             Origin             Length             Attributes
RAM              0x0000000020000000 0x0000000000008000 xrw
FLASH            0x0000000008000000 0x0000000000020000 xr
*default*        0x0000000000000000 0xffffffffffffffff

Linker script and memory map

LOAD c:/st/stm32cubeide_1.10.1/stm32cubeide/plugins/com.st.stm32cube.ide.mcu.externaltools.gnu-tools-for-stm32.10.3-2021.10.win32_1.0.0.202111181127/tools/bin/../lib/gcc/arm-none-eabi/10.3.1/thumb/v7e-m+fp/hard/crti.o
LOAD c:/st/stm32cubeide_1.10.1/stm32cubeide/plugins/com.st.stm32cube.ide.mcu.externaltools.gnu-tools-for-stm32.10.3-2021.10.win32_1.0.0.202111181127/tools/bin/../lib/gcc/arm-none-eabi/10.3.1/thumb/v7e-m+fp/hard/crtbegin.o
LOAD c:/st/stm32cubeide_1.10.1/stm32cubeide/plugins/com.st.stm32cube.ide.mcu.externaltools.gnu-tools-for-stm32.10.3-2021.10.win32_1.0.0.202111181127/tools/bin/../lib/gcc/arm-none-eabi/10.3.1/../../../../arm-none-eabi/lib/thumb/v7e-m+fp/hard/crt0.o
LOAD ./Core/Src/main.o
LOAD ./Core/Src/stm32g4xx_hal_msp.o
LOAD ./Core/Src/stm32g4xx_it.o
LOAD ./Core/Src/syscalls.o
LOAD ./Core/Src/sysmem.o
LOAD ./Core/Src/system_stm32g4xx.o
LOAD ./Core/Startup/startup_stm32g441kbtx.o
LOAD ./Drivers/STM32G4xx_HAL_Driver/Src/stm32g4xx_hal.o
LOAD ./Drivers/STM32G4xx_HAL_Driver/Src/stm32g4xx_hal_cortex.o
LOAD ./Drivers/STM32G4xx_HAL_Driver/Src/stm32g4xx_hal_dma.o
LOAD ./Drivers/STM32G4xx_HAL_Driver/Src/stm32g4xx_hal_dma_ex.o
LOAD ./Drivers/STM32G4xx_HAL_Driver/Src/stm32g4xx_hal_exti.o
LOAD ./Drivers/STM32G4xx_HAL_Driver/Src/stm32g4xx_hal_flash.o
LOAD ./Drivers/STM32G4xx_HAL_Driver/Src/stm32g4xx_hal_flash_ex.o
LOAD ./Drivers/STM32G4xx_HAL_Driver/Src/stm32g4xx_hal_flash_ramfunc.o
LOAD ./Drivers/STM32G4xx_HAL_Driver/Src/stm32g4xx_hal_gpio.o
LOAD ./Drivers/STM32G4xx_HAL_Driver/Src/stm32g4xx_hal_pcd.o
LOAD ./Drivers/STM32G4xx_HAL_Driver/Src/stm32g4xx_hal_pcd_ex.o
LOAD ./Drivers/STM32G4xx_HAL_Driver/Src/stm32g4xx_hal_pwr.o
LOAD ./Drivers/STM32G4xx_HAL_Driver/Src/stm32g4xx_hal_pwr_ex.o
LOAD ./Drivers/STM32G4xx_HAL_Driver/Src/stm32g4xx_hal_rcc.o
LOAD ./Drivers/STM32G4xx_HAL_Driver/Src/stm32g4xx_hal_rcc_ex.o
LOAD ./Drivers/STM32G4xx_HAL_Driver/Src/stm32g4xx_hal_tim.o
LOAD ./Drivers/STM32G4xx_HAL_Driver/Src/stm32g4xx_hal_tim_ex.o
LOAD ./Drivers/STM32G4xx_HAL_Driver/Src/stm32g4xx_ll_usb.o
LOAD ./Middlewares/ST/STM32_USB_Device_Library/Class/CDC/Src/usbd_cdc.o
LOAD ./Middlewares/ST/STM32_USB_Device_Library/Core/Src/usbd_core.o
LOAD ./Middlewares/ST/STM32_USB_Device_Library/Core/Src/usbd_ctlreq.o
LOAD ./Middlewares/ST/STM32_USB_Device_Library/Core/Src/usbd_ioreq.o
LOAD ./USB_Device/App/usb_device.o
LOAD ./USB_Device/App/usbd_cdc_if.o
LOAD ./USB_Device/App/usbd_desc.o
LOAD ./USB_Device/Target/usbd_conf.o
START GROUP
LOAD c:/st/stm32cubeide_1.10.1/stm32cubeide/plugins/com.st.stm32cube.ide.mcu.externaltools.gnu-tools-for-stm32.10.3-2021.10.win32_1.0.0.202111181127/tools/bin/../lib/gcc/arm-none-eabi/10.3.1/../../../../arm-none-eabi/lib/thumb/v7e-m+fp/hard\libc_nano.a
LOAD c:/st/stm32cubeide_1.10.1/stm32cubeide/plugins/com.st.stm32cube.ide.mcu.externaltools.gnu-tools-for-stm32.10.3-2021.10.win32_1.0.0.202111181127/tools/bin/../lib/gcc/arm-none-eabi/10.3.1/../../../../arm-none-eabi/lib/thumb/v7e-m+fp/hard\libm.a
END GROUP
START GROUP
LOAD c:/st/stm32cubeide_1.10.1/stm32cubeide/plugins/com.st.stm32cube.ide.mcu.externaltools.gnu-tools-for-stm32.10.3-2021.10.win32_1.0.0.202111181127/tools/bin/../lib/gcc/arm-none-eabi/10.3.1/thumb/v7e-m+fp/hard\libgcc.a
LOAD c:/st/stm32cubeide_1.10.1/stm32cubeide/plugins/com.st.stm32cube.ide.mcu.externaltools.gnu-tools-for-stm32.10.3-2021.10.win32_1.0.0.202111181127/tools/bin/../lib/gcc/arm-none-eabi/10.3.1/../../../../arm-none-eabi/lib/thumb/v7e-m+fp/hard\libc_nano.a
END GROUP
START GROUP
LOAD c:/st/stm32cubeide_1.10.1/stm32cubeide/plugins/com.st.stm32cube.ide.mcu.externaltools.gnu-tools-for-stm32.10.3-2021.10.win32_1.0.0.202111181127/tools/bin/../lib/gcc/arm-none-eabi/10.3.1/thumb/v7e-m+fp/hard\libgcc.a
LOAD c:/st/stm32cubeide_1.10.1/stm32cubeide/plugins/com.st.stm32cube.ide.mcu.externaltools.gnu-tools-for-stm32.10.3-2021.10.win32_1.0.0.202111181127/tools/bin/../lib/gcc/arm-none-eabi/10.3.1/../../../../arm-none-eabi/lib/thumb/v7e-m+fp/hard\libc_nano.a
LOAD c:/st/stm32cubeide_1.10.1/stm32cubeide/plugins/com.st.stm32cube.ide.mcu.externaltools.gnu-tools-for-stm32.10.3-2021.10.win32_1.0.0.202111181127/tools/bin/../lib/gcc/arm-none-eabi/10.3.1/../../../../arm-none-eabi/lib/thumb/v7e-m+fp/hard\libnosys.a
END GROUP
START GROUP
LOAD c:/st/stm32cubeide_1.10.1/stm32cubeide/plugins/com.st.stm32cube.ide.mcu.externaltools.gnu-tools-for-stm32.10.3-2021.10.win32_1.0.0.202111181127/tools/bin/../lib/gcc/arm-none-eabi/10.3.1/thumb/v7e-m+fp/hard\libgcc.a
LOAD c:/st/stm32cubeide_1.10.1/stm32cubeide/plugins/com.st.stm32cube.ide.mcu.externaltools.gnu-tools-for-stm32.10.3-2021.10.win32_1.0.0.202111181127/tools/bin/../lib/gcc/arm-none-eabi/10.3.1/../../../../arm-none-eabi/lib/thumb/v7e-m+fp/hard\libc_nano.a
LOAD c:/st/stm32cubeide_1.10.1/stm32cubeide/plugins/com.st.stm32cube.ide.mcu.externaltools.gnu-tools-for-stm32.10.3-2021.10.win32_1.0.0.202111181127/tools/bin/../lib/gcc/arm-none-eabi/10.3.1/../../../../arm-none-eabi/lib/thumb/v7e-m+fp/hard\libnosys.a
END GROUP
LOAD c:/st/stm32cubeide_1.10.1/stm32cubeide/plugins/com.st.stm32cube.ide.mcu.externaltools.gnu-tools-for-stm32.10.3-2021.10.win32_1.0.0.202111181127/tools/bin/../lib/gcc/arm-none-eabi/10.3.1/thumb/v7e-m+fp/hard/crtend.o
LOAD c:/st/stm32cubeide_1.10.1/stm32cubeide/plugins/com.st.stm32cube.ide.mcu.externaltools.gnu-tools-for-stm32.10.3-2021.10.win32_1.0.0.202111181127/tools/bin/../lib/gcc/arm-none-eabi/10.3.1/thumb/v7e-m+fp/hard/crtn.o
                0x0000000020008000                _estack = (ORIGIN (RAM) + LENGTH (RAM))
                0x0000000000000200                _Min_Heap_Size = 0x200
                0x0000000000000400                _Min_Stack_Size = 0x400

.isr_vector     0x0000000008000000      0x1d8
                0x0000000008000000                . = ALIGN (0x4)
 *(.isr_vector)
 .isr_vector    0x0000000008000000      0x1d8 ./Core/Startup/startup_stm32g441kbtx.o
                0x0000000008000000                g_pfnVectors
                0x00000000080001d8                . = ALIGN (0x4)

.text           0x00000000080001d8     0xa430
                0x00000000080001d8                . = ALIGN (0x4)
 *(.text)
 .text          0x00000000080001d8       0x40 c:/st/stm32cubeide_1.10.1/stm32cubeide/plugins/com.st.stm32cube.ide.mcu.externaltools.gnu-tools-for-stm32.10.3-2021.10.win32_1.0.0.202111181127/tools/bin/../lib/gcc/arm-none-eabi/10.3.1/thumb/v7e-m+fp/hard/crtbegin.o
 *(.text*)
 .text.clamp    0x0000000008000218       0x38 ./Core/Src/main.o
                0x0000000008000218                clamp
 .text.CDC_On_Receive
                0x0000000008000250       0x48 ./Core/Src/main.o
                0x0000000008000250                CDC_On_Receive
 .text.enc_init
                0x0000000008000298       0x2c ./Core/Src/main.o
                0x0000000008000298                enc_init
 .text.pwm_init
                0x00000000080002c4       0x78 ./Core/Src/main.o
                0x00000000080002c4                pwm_init
 .text.motor_status_update
                0x000000000800033c      0x148 ./Core/Src/main.o
                0x000000000800033c                motor_status_update
 .text.motor_pwm
                0x0000000008000484      0x1a4 ./Core/Src/main.o
                0x0000000008000484                motor_pwm
 .text.motor_direction
                0x0000000008000628       0x64 ./Core/Src/main.o
                0x0000000008000628                motor_direction
 .text.wake_drivers_up
                0x000000000800068c       0x5c ./Core/Src/main.o
                0x000000000800068c                wake_drivers_up
 .text.HAL_TIM_PeriodElapsedCallback
                0x00000000080006e8       0xe8 ./Core/Src/main.o
                0x00000000080006e8                HAL_TIM_PeriodElapsedCallback
 .text.main     0x00000000080007d0      0x134 ./Core/Src/main.o
                0x00000000080007d0                main
 .text.SystemClock_Config
                0x0000000008000904       0x9a ./Core/Src/main.o
                0x0000000008000904                SystemClock_Config
 *fill*         0x000000000800099e        0x2 
 .text.MX_TIM1_Init
                0x00000000080009a0       0xb4 ./Core/Src/main.o
 .text.MX_TIM2_Init
                0x0000000008000a54       0xb4 ./Core/Src/main.o
 .text.MX_TIM3_Init
                0x0000000008000b08       0xac ./Core/Src/main.o
 .text.MX_TIM4_Init
                0x0000000008000bb4       0xac ./Core/Src/main.o
 .text.MX_TIM6_Init
                0x0000000008000c60       0x6c ./Core/Src/main.o
 .text.MX_TIM8_Init
                0x0000000008000ccc      0x158 ./Core/Src/main.o
 .text.MX_TIM15_Init
                0x0000000008000e24      0x124 ./Core/Src/main.o
 .text.MX_GPIO_Init
                0x0000000008000f48      0x100 ./Core/Src/main.o
 .text.Error_Handler
                0x0000000008001048        0xa ./Core/Src/main.o
                0x0000000008001048                Error_Handler
 *fill*         0x0000000008001052        0x2 
 .text.HAL_MspInit
                0x0000000008001054       0x48 ./Core/Src/stm32g4xx_hal_msp.o
                0x0000000008001054                HAL_MspInit
 .text.HAL_TIM_Encoder_MspInit
                0x000000000800109c      0x14c ./Core/Src/stm32g4xx_hal_msp.o
                0x000000000800109c                HAL_TIM_Encoder_MspInit
 .text.HAL_TIM_PWM_MspInit
                0x00000000080011e8       0x8c ./Core/Src/stm32g4xx_hal_msp.o
                0x00000000080011e8                HAL_TIM_PWM_MspInit
 .text.HAL_TIM_Base_MspInit
                0x0000000008001274       0x4c ./Core/Src/stm32g4xx_hal_msp.o
                0x0000000008001274                HAL_TIM_Base_MspInit
 .text.HAL_TIM_MspPostInit
                0x00000000080012c0      0x15c ./Core/Src/stm32g4xx_hal_msp.o
                0x00000000080012c0                HAL_TIM_MspPostInit
 .text.NMI_Handler
                0x000000000800141c        0x6 ./Core/Src/stm32g4xx_it.o
                0x000000000800141c                NMI_Handler
 .text.HardFault_Handler
                0x0000000008001422        0x6 ./Core/Src/stm32g4xx_it.o
                0x0000000008001422                HardFault_Handler
 .text.MemManage_Handler
                0x0000000008001428        0x6 ./Core/Src/stm32g4xx_it.o
                0x0000000008001428                MemManage_Handler
 .text.BusFault_Handler
                0x000000000800142e        0x6 ./Core/Src/stm32g4xx_it.o
                0x000000000800142e                BusFault_Handler
 .text.UsageFault_Handler
                0x0000000008001434        0x6 ./Core/Src/stm32g4xx_it.o
                0x0000000008001434                UsageFault_Handler
 .text.SVC_Handler
                0x000000000800143a        0xe ./Core/Src/stm32g4xx_it.o
                0x000000000800143a                SVC_Handler
 .text.DebugMon_Handler
                0x0000000008001448        0xe ./Core/Src/stm32g4xx_it.o
                0x0000000008001448                DebugMon_Handler
 .text.PendSV_Handler
                0x0000000008001456        0xe ./Core/Src/stm32g4xx_it.o
                0x0000000008001456                PendSV_Handler
 .text.SysTick_Handler
                0x0000000008001464        0xc ./Core/Src/stm32g4xx_it.o
                0x0000000008001464                SysTick_Handler
 .text.USB_LP_IRQHandler
                0x0000000008001470       0x14 ./Core/Src/stm32g4xx_it.o
                0x0000000008001470                USB_LP_IRQHandler
 .text.TIM6_DAC_IRQHandler
                0x0000000008001484       0x14 ./Core/Src/stm32g4xx_it.o
                0x0000000008001484                TIM6_DAC_IRQHandler
 .text.SystemInit
                0x0000000008001498       0x24 ./Core/Src/system_stm32g4xx.o
                0x0000000008001498                SystemInit
 .text.Reset_Handler
                0x00000000080014bc       0x50 ./Core/Startup/startup_stm32g441kbtx.o
                0x00000000080014bc                Reset_Handler
 .text.Default_Handler
                0x000000000800150c        0x2 ./Core/Startup/startup_stm32g441kbtx.o
                0x000000000800150c                RTC_Alarm_IRQHandler
                0x000000000800150c                EXTI2_IRQHandler
                0x000000000800150c                TIM8_TRG_COM_IRQHandler
                0x000000000800150c                TIM8_CC_IRQHandler
                0x000000000800150c                TIM1_CC_IRQHandler
                0x000000000800150c                USB_HP_IRQHandler
                0x000000000800150c                CORDIC_IRQHandler
                0x000000000800150c                EXTI3_IRQHandler
                0x000000000800150c                I2C3_ER_IRQHandler
                0x000000000800150c                EXTI0_IRQHandler
                0x000000000800150c                I2C2_EV_IRQHandler
                0x000000000800150c                FPU_IRQHandler
                0x000000000800150c                FDCAN1_IT1_IRQHandler
                0x000000000800150c                TIM1_UP_TIM16_IRQHandler
                0x000000000800150c                ADC1_2_IRQHandler
                0x000000000800150c                SPI1_IRQHandler
                0x000000000800150c                TIM8_UP_IRQHandler
                0x000000000800150c                DMA2_Channel2_IRQHandler
                0x000000000800150c                DMA1_Channel4_IRQHandler
                0x000000000800150c                USART3_IRQHandler
                0x000000000800150c                TIM4_IRQHandler
                0x000000000800150c                DMA2_Channel1_IRQHandler
                0x000000000800150c                I2C1_EV_IRQHandler
                0x000000000800150c                DMA1_Channel6_IRQHandler
                0x000000000800150c                UART4_IRQHandler
                0x000000000800150c                DMA2_Channel4_IRQHandler
                0x000000000800150c                TIM3_IRQHandler
                0x000000000800150c                RCC_IRQHandler
                0x000000000800150c                DMA1_Channel1_IRQHandler
                0x000000000800150c                Default_Handler
                0x000000000800150c                RTC_TAMP_LSECSS_IRQHandler
                0x000000000800150c                FMAC_IRQHandler
                0x000000000800150c                EXTI15_10_IRQHandler
                0x000000000800150c                TIM7_IRQHandler
                0x000000000800150c                UCPD1_IRQHandler
                0x000000000800150c                I2C3_EV_IRQHandler
                0x000000000800150c                EXTI9_5_IRQHandler
                0x000000000800150c                RTC_WKUP_IRQHandler
                0x000000000800150c                PVD_PVM_IRQHandler
                0x000000000800150c                SPI2_IRQHandler
                0x000000000800150c                DMA2_Channel5_IRQHandler
                0x000000000800150c                CRS_IRQHandler
                0x000000000800150c                DMA1_Channel5_IRQHandler
                0x000000000800150c                EXTI4_IRQHandler
                0x000000000800150c                RNG_IRQHandler
                0x000000000800150c                TIM1_TRG_COM_TIM17_IRQHandler
                0x000000000800150c                DMA1_Channel3_IRQHandler
                0x000000000800150c                WWDG_IRQHandler
                0x000000000800150c                LPUART1_IRQHandler
                0x000000000800150c                DMA2_Channel6_IRQHandler
                0x000000000800150c                FDCAN1_IT0_IRQHandler
                0x000000000800150c                TIM2_IRQHandler
                0x000000000800150c                COMP1_2_3_IRQHandler
                0x000000000800150c                EXTI1_IRQHandler
                0x000000000800150c                AES_IRQHandler
                0x000000000800150c                USART2_IRQHandler
                0x000000000800150c                I2C2_ER_IRQHandler
                0x000000000800150c                DMA1_Channel2_IRQHandler
                0x000000000800150c                TIM8_BRK_IRQHandler
                0x000000000800150c                FLASH_IRQHandler
                0x000000000800150c                USART1_IRQHandler
                0x000000000800150c                SPI3_IRQHandler
                0x000000000800150c                I2C1_ER_IRQHandler
                0x000000000800150c                LPTIM1_IRQHandler
                0x000000000800150c                DMAMUX_OVR_IRQHandler
                0x000000000800150c                USBWakeUp_IRQHandler
                0x000000000800150c                SAI1_IRQHandler
                0x000000000800150c                DMA2_Channel3_IRQHandler
                0x000000000800150c                COMP4_IRQHandler
                0x000000000800150c                TIM1_BRK_TIM15_IRQHandler
 .text.HAL_Init
                0x000000000800150e       0x30 ./Drivers/STM32G4xx_HAL_Driver/Src/stm32g4xx_hal.o
                0x000000000800150e                HAL_Init
 *fill*         0x000000000800153e        0x2 
 .text.HAL_InitTick
                0x0000000008001540       0x74 ./Drivers/STM32G4xx_HAL_Driver/Src/stm32g4xx_hal.o
                0x0000000008001540                HAL_InitTick
 .text.HAL_IncTick
                0x00000000080015b4       0x24 ./Drivers/STM32G4xx_HAL_Driver/Src/stm32g4xx_hal.o
                0x00000000080015b4                HAL_IncTick
 .text.HAL_GetTick
                0x00000000080015d8       0x18 ./Drivers/STM32G4xx_HAL_Driver/Src/stm32g4xx_hal.o
                0x00000000080015d8                HAL_GetTick
 .text.HAL_Delay
                0x00000000080015f0       0x44 ./Drivers/STM32G4xx_HAL_Driver/Src/stm32g4xx_hal.o
                0x00000000080015f0                HAL_Delay
 .text.__NVIC_SetPriorityGrouping
                0x0000000008001634       0x48 ./Drivers/STM32G4xx_HAL_Driver/Src/stm32g4xx_hal_cortex.o
 .text.__NVIC_GetPriorityGrouping
                0x000000000800167c       0x1c ./Drivers/STM32G4xx_HAL_Driver/Src/stm32g4xx_hal_cortex.o
 .text.__NVIC_EnableIRQ
                0x0000000008001698       0x3c ./Drivers/STM32G4xx_HAL_Driver/Src/stm32g4xx_hal_cortex.o
 .text.__NVIC_SetPriority
                0x00000000080016d4       0x54 ./Drivers/STM32G4xx_HAL_Driver/Src/stm32g4xx_hal_cortex.o
 .text.NVIC_EncodePriority
                0x0000000008001728       0x66 ./Drivers/STM32G4xx_HAL_Driver/Src/stm32g4xx_hal_cortex.o
 *fill*         0x000000000800178e        0x2 
 .text.SysTick_Config
                0x0000000008001790       0x44 ./Drivers/STM32G4xx_HAL_Driver/Src/stm32g4xx_hal_cortex.o
 .text.HAL_NVIC_SetPriorityGrouping
                0x00000000080017d4       0x16 ./Drivers/STM32G4xx_HAL_Driver/Src/stm32g4xx_hal_cortex.o
                0x00000000080017d4                HAL_NVIC_SetPriorityGrouping
 .text.HAL_NVIC_SetPriority
                0x00000000080017ea       0x34 ./Drivers/STM32G4xx_HAL_Driver/Src/stm32g4xx_hal_cortex.o
                0x00000000080017ea                HAL_NVIC_SetPriority
 .text.HAL_NVIC_EnableIRQ
                0x000000000800181e       0x1c ./Drivers/STM32G4xx_HAL_Driver/Src/stm32g4xx_hal_cortex.o
                0x000000000800181e                HAL_NVIC_EnableIRQ
 .text.HAL_SYSTICK_Config
                0x000000000800183a       0x18 ./Drivers/STM32G4xx_HAL_Driver/Src/stm32g4xx_hal_cortex.o
                0x000000000800183a                HAL_SYSTICK_Config
 *fill*         0x0000000008001852        0x2 
 .text.HAL_GPIO_Init
                0x0000000008001854      0x304 ./Drivers/STM32G4xx_HAL_Driver/Src/stm32g4xx_hal_gpio.o
                0x0000000008001854                HAL_GPIO_Init
 .text.HAL_GPIO_ReadPin
                0x0000000008001b58       0x30 ./Drivers/STM32G4xx_HAL_Driver/Src/stm32g4xx_hal_gpio.o
                0x0000000008001b58                HAL_GPIO_ReadPin
 .text.HAL_GPIO_WritePin
                0x0000000008001b88       0x30 ./Drivers/STM32G4xx_HAL_Driver/Src/stm32g4xx_hal_gpio.o
                0x0000000008001b88                HAL_GPIO_WritePin
 .text.HAL_PCD_Init
                0x0000000008001bb8      0x1ca ./Drivers/STM32G4xx_HAL_Driver/Src/stm32g4xx_hal_pcd.o
                0x0000000008001bb8                HAL_PCD_Init
 .text.HAL_PCD_Start
                0x0000000008001d82       0x44 ./Drivers/STM32G4xx_HAL_Driver/Src/stm32g4xx_hal_pcd.o
                0x0000000008001d82                HAL_PCD_Start
 .text.HAL_PCD_IRQHandler
                0x0000000008001dc6      0x24e ./Drivers/STM32G4xx_HAL_Driver/Src/stm32g4xx_hal_pcd.o
                0x0000000008001dc6                HAL_PCD_IRQHandler
 .text.HAL_PCD_SetAddress
                0x0000000008002014       0x4a ./Drivers/STM32G4xx_HAL_Driver/Src/stm32g4xx_hal_pcd.o
                0x0000000008002014                HAL_PCD_SetAddress
 .text.HAL_PCD_EP_Open
                0x000000000800205e       0xcc ./Drivers/STM32G4xx_HAL_Driver/Src/stm32g4xx_hal_pcd.o
                0x000000000800205e                HAL_PCD_EP_Open
 .text.HAL_PCD_EP_Close
                0x000000000800212a       0x90 ./Drivers/STM32G4xx_HAL_Driver/Src/stm32g4xx_hal_pcd.o
                0x000000000800212a                HAL_PCD_EP_Close
 .text.HAL_PCD_EP_Receive
                0x00000000080021ba       0x7a ./Drivers/STM32G4xx_HAL_Driver/Src/stm32g4xx_hal_pcd.o
                0x00000000080021ba                HAL_PCD_EP_Receive
 .text.HAL_PCD_EP_GetRxCount
                0x0000000008002234       0x30 ./Drivers/STM32G4xx_HAL_Driver/Src/stm32g4xx_hal_pcd.o
                0x0000000008002234                HAL_PCD_EP_GetRxCount
 .text.HAL_PCD_EP_Transmit
                0x0000000008002264       0x86 ./Drivers/STM32G4xx_HAL_Driver/Src/stm32g4xx_hal_pcd.o
                0x0000000008002264                HAL_PCD_EP_Transmit
 .text.HAL_PCD_EP_SetStall
                0x00000000080022ea       0xa4 ./Drivers/STM32G4xx_HAL_Driver/Src/stm32g4xx_hal_pcd.o
                0x00000000080022ea                HAL_PCD_EP_SetStall
 .text.HAL_PCD_EP_ClrStall
                0x000000000800238e       0xa8 ./Drivers/STM32G4xx_HAL_Driver/Src/stm32g4xx_hal_pcd.o
                0x000000000800238e                HAL_PCD_EP_ClrStall
 .text.PCD_EP_ISR_Handler
                0x0000000008002436      0x760 ./Drivers/STM32G4xx_HAL_Driver/Src/stm32g4xx_hal_pcd.o
 .text.HAL_PCD_EP_DB_Receive
                0x0000000008002b96      0x212 ./Drivers/STM32G4xx_HAL_Driver/Src/stm32g4xx_hal_pcd.o
 .text.HAL_PCD_EP_DB_Transmit
                0x0000000008002da8      0x79c ./Drivers/STM32G4xx_HAL_Driver/Src/stm32g4xx_hal_pcd.o
 .text.HAL_PCDEx_PMAConfig
                0x0000000008003544       0x86 ./Drivers/STM32G4xx_HAL_Driver/Src/stm32g4xx_hal_pcd_ex.o
                0x0000000008003544                HAL_PCDEx_PMAConfig
 .text.HAL_PCDEx_ActivateLPM
                0x00000000080035ca       0x54 ./Drivers/STM32G4xx_HAL_Driver/Src/stm32g4xx_hal_pcd_ex.o
                0x00000000080035ca                HAL_PCDEx_ActivateLPM
 *fill*         0x000000000800361e        0x2 
 .text.HAL_PWREx_ControlVoltageScaling
                0x0000000008003620      0x148 ./Drivers/STM32G4xx_HAL_Driver/Src/stm32g4xx_hal_pwr_ex.o
                0x0000000008003620                HAL_PWREx_ControlVoltageScaling
 .text.HAL_RCC_OscConfig
                0x0000000008003768      0x630 ./Drivers/STM32G4xx_HAL_Driver/Src/stm32g4xx_hal_rcc.o
                0x0000000008003768                HAL_RCC_OscConfig
 .text.HAL_RCC_ClockConfig
                0x0000000008003d98      0x278 ./Drivers/STM32G4xx_HAL_Driver/Src/stm32g4xx_hal_rcc.o
                0x0000000008003d98                HAL_RCC_ClockConfig
 .text.HAL_RCC_GetSysClockFreq
                0x0000000008004010       0xc4 ./Drivers/STM32G4xx_HAL_Driver/Src/stm32g4xx_hal_rcc.o
                0x0000000008004010                HAL_RCC_GetSysClockFreq
 .text.RCC_GetSysClockFreqFromPLLSource
                0x00000000080040d4       0x8c ./Drivers/STM32G4xx_HAL_Driver/Src/stm32g4xx_hal_rcc.o
 .text.HAL_RCCEx_PeriphCLKConfig
                0x0000000008004160      0x3e0 ./Drivers/STM32G4xx_HAL_Driver/Src/stm32g4xx_hal_rcc_ex.o
                0x0000000008004160                HAL_RCCEx_PeriphCLKConfig
 .text.HAL_TIM_Base_Init
                0x0000000008004540       0xae ./Drivers/STM32G4xx_HAL_Driver/Src/stm32g4xx_hal_tim.o
                0x0000000008004540                HAL_TIM_Base_Init
 *fill*         0x00000000080045ee        0x2 
 .text.HAL_TIM_Base_Start_IT
                0x00000000080045f0       0xd4 ./Drivers/STM32G4xx_HAL_Driver/Src/stm32g4xx_hal_tim.o
                0x00000000080045f0                HAL_TIM_Base_Start_IT
 .text.HAL_TIM_PWM_Init
                0x00000000080046c4       0xae ./Drivers/STM32G4xx_HAL_Driver/Src/stm32g4xx_hal_tim.o
                0x00000000080046c4                HAL_TIM_PWM_Init
 *fill*         0x0000000008004772        0x2 
 .text.HAL_TIM_PWM_Start
                0x0000000008004774      0x200 ./Drivers/STM32G4xx_HAL_Driver/Src/stm32g4xx_hal_tim.o
                0x0000000008004774                HAL_TIM_PWM_Start
 .text.HAL_TIM_Encoder_Init
                0x0000000008004974      0x14c ./Drivers/STM32G4xx_HAL_Driver/Src/stm32g4xx_hal_tim.o
                0x0000000008004974                HAL_TIM_Encoder_Init
 .text.HAL_TIM_Encoder_Start
                0x0000000008004ac0      0x11c ./Drivers/STM32G4xx_HAL_Driver/Src/stm32g4xx_hal_tim.o
                0x0000000008004ac0                HAL_TIM_Encoder_Start
 .text.HAL_TIM_IRQHandler
                0x0000000008004bdc      0x2fe ./Drivers/STM32G4xx_HAL_Driver/Src/stm32g4xx_hal_tim.o
                0x0000000008004bdc                HAL_TIM_IRQHandler
 *fill*         0x0000000008004eda        0x2 
 .text.HAL_TIM_PWM_ConfigChannel
                0x0000000008004edc      0x228 ./Drivers/STM32G4xx_HAL_Driver/Src/stm32g4xx_hal_tim.o
                0x0000000008004edc                HAL_TIM_PWM_ConfigChannel
 .text.HAL_TIM_OC_DelayElapsedCallback
                0x0000000008005104       0x14 ./Drivers/STM32G4xx_HAL_Driver/Src/stm32g4xx_hal_tim.o
                0x0000000008005104                HAL_TIM_OC_DelayElapsedCallback
 .text.HAL_TIM_IC_CaptureCallback
                0x0000000008005118       0x14 ./Drivers/STM32G4xx_HAL_Driver/Src/stm32g4xx_hal_tim.o
                0x0000000008005118                HAL_TIM_IC_CaptureCallback
 .text.HAL_TIM_PWM_PulseFinishedCallback
                0x000000000800512c       0x14 ./Drivers/STM32G4xx_HAL_Driver/Src/stm32g4xx_hal_tim.o
                0x000000000800512c                HAL_TIM_PWM_PulseFinishedCallback
 .text.HAL_TIM_TriggerCallback
                0x0000000008005140       0x14 ./Drivers/STM32G4xx_HAL_Driver/Src/stm32g4xx_hal_tim.o
                0x0000000008005140                HAL_TIM_TriggerCallback
 .text.TIM_Base_SetConfig
                0x0000000008005154      0x120 ./Drivers/STM32G4xx_HAL_Driver/Src/stm32g4xx_hal_tim.o
                0x0000000008005154                TIM_Base_SetConfig
 .text.TIM_OC1_SetConfig
                0x0000000008005274      0x120 ./Drivers/STM32G4xx_HAL_Driver/Src/stm32g4xx_hal_tim.o
 .text.TIM_OC2_SetConfig
                0x0000000008005394      0x114 ./Drivers/STM32G4xx_HAL_Driver/Src/stm32g4xx_hal_tim.o
                0x0000000008005394                TIM_OC2_SetConfig
 .text.TIM_OC3_SetConfig
                0x00000000080054a8      0x110 ./Drivers/STM32G4xx_HAL_Driver/Src/stm32g4xx_hal_tim.o
 .text.TIM_OC4_SetConfig
                0x00000000080055b8      0x114 ./Drivers/STM32G4xx_HAL_Driver/Src/stm32g4xx_hal_tim.o
 .text.TIM_OC5_SetConfig
                0x00000000080056cc       0xc8 ./Drivers/STM32G4xx_HAL_Driver/Src/stm32g4xx_hal_tim.o
 .text.TIM_OC6_SetConfig
                0x0000000008005794       0xcc ./Drivers/STM32G4xx_HAL_Driver/Src/stm32g4xx_hal_tim.o
 .text.TIM_CCxChannelCmd
                0x0000000008005860       0x4a ./Drivers/STM32G4xx_HAL_Driver/Src/stm32g4xx_hal_tim.o
                0x0000000008005860                TIM_CCxChannelCmd
 *fill*         0x00000000080058aa        0x2 
 .text.HAL_TIMEx_PWMN_Start
                0x00000000080058ac      0x168 ./Drivers/STM32G4xx_HAL_Driver/Src/stm32g4xx_hal_tim_ex.o
                0x00000000080058ac                HAL_TIMEx_PWMN_Start
 .text.HAL_TIMEx_MasterConfigSynchronization
                0x0000000008005a14      0x104 ./Drivers/STM32G4xx_HAL_Driver/Src/stm32g4xx_hal_tim_ex.o
                0x0000000008005a14                HAL_TIMEx_MasterConfigSynchronization
 .text.HAL_TIMEx_ConfigBreakDeadTime
                0x0000000008005b18      0x140 ./Drivers/STM32G4xx_HAL_Driver/Src/stm32g4xx_hal_tim_ex.o
                0x0000000008005b18                HAL_TIMEx_ConfigBreakDeadTime
 .text.HAL_TIMEx_CommutCallback
                0x0000000008005c58       0x14 ./Drivers/STM32G4xx_HAL_Driver/Src/stm32g4xx_hal_tim_ex.o
                0x0000000008005c58                HAL_TIMEx_CommutCallback
 .text.HAL_TIMEx_BreakCallback
                0x0000000008005c6c       0x14 ./Drivers/STM32G4xx_HAL_Driver/Src/stm32g4xx_hal_tim_ex.o
                0x0000000008005c6c                HAL_TIMEx_BreakCallback
 .text.HAL_TIMEx_Break2Callback
                0x0000000008005c80       0x14 ./Drivers/STM32G4xx_HAL_Driver/Src/stm32g4xx_hal_tim_ex.o
                0x0000000008005c80                HAL_TIMEx_Break2Callback
 .text.HAL_TIMEx_EncoderIndexCallback
                0x0000000008005c94       0x14 ./Drivers/STM32G4xx_HAL_Driver/Src/stm32g4xx_hal_tim_ex.o
                0x0000000008005c94                HAL_TIMEx_EncoderIndexCallback
 .text.HAL_TIMEx_DirectionChangeCallback
                0x0000000008005ca8       0x14 ./Drivers/STM32G4xx_HAL_Driver/Src/stm32g4xx_hal_tim_ex.o
                0x0000000008005ca8                HAL_TIMEx_DirectionChangeCallback
 .text.HAL_TIMEx_IndexErrorCallback
                0x0000000008005cbc       0x14 ./Drivers/STM32G4xx_HAL_Driver/Src/stm32g4xx_hal_tim_ex.o
                0x0000000008005cbc                HAL_TIMEx_IndexErrorCallback
 .text.HAL_TIMEx_TransitionErrorCallback
                0x0000000008005cd0       0x14 ./Drivers/STM32G4xx_HAL_Driver/Src/stm32g4xx_hal_tim_ex.o
                0x0000000008005cd0                HAL_TIMEx_TransitionErrorCallback
 .text.TIM_CCxNChannelCmd
                0x0000000008005ce4       0x4a ./Drivers/STM32G4xx_HAL_Driver/Src/stm32g4xx_hal_tim_ex.o
 .text.USB_EnableGlobalInt
                0x0000000008005d2e       0x2e ./Drivers/STM32G4xx_HAL_Driver/Src/stm32g4xx_ll_usb.o
                0x0000000008005d2e                USB_EnableGlobalInt
 .text.USB_DisableGlobalInt
                0x0000000008005d5c       0x36 ./Drivers/STM32G4xx_HAL_Driver/Src/stm32g4xx_ll_usb.o
                0x0000000008005d5c                USB_DisableGlobalInt
 .text.USB_DevInit
                0x0000000008005d92       0x42 ./Drivers/STM32G4xx_HAL_Driver/Src/stm32g4xx_ll_usb.o
                0x0000000008005d92                USB_DevInit
 .text.USB_ActivateEndpoint
                0x0000000008005dd4      0x728 ./Drivers/STM32G4xx_HAL_Driver/Src/stm32g4xx_ll_usb.o
                0x0000000008005dd4                USB_ActivateEndpoint
 .text.USB_DeactivateEndpoint
                0x00000000080064fc      0x3da ./Drivers/STM32G4xx_HAL_Driver/Src/stm32g4xx_ll_usb.o
                0x00000000080064fc                USB_DeactivateEndpoint
 .text.USB_EPStartXfer
                0x00000000080068d6     0x166c ./Drivers/STM32G4xx_HAL_Driver/Src/stm32g4xx_ll_usb.o
                0x00000000080068d6                USB_EPStartXfer
 .text.USB_EPSetStall
                0x0000000008007f42       0xa2 ./Drivers/STM32G4xx_HAL_Driver/Src/stm32g4xx_ll_usb.o
                0x0000000008007f42                USB_EPSetStall
 .text.USB_EPClearStall
                0x0000000008007fe4      0x15c ./Drivers/STM32G4xx_HAL_Driver/Src/stm32g4xx_ll_usb.o
                0x0000000008007fe4                USB_EPClearStall
 .text.USB_SetDevAddress
                0x0000000008008140       0x28 ./Drivers/STM32G4xx_HAL_Driver/Src/stm32g4xx_ll_usb.o
                0x0000000008008140                USB_SetDevAddress
 .text.USB_DevConnect
                0x0000000008008168       0x2e ./Drivers/STM32G4xx_HAL_Driver/Src/stm32g4xx_ll_usb.o
                0x0000000008008168                USB_DevConnect
 .text.USB_ReadInterrupts
                0x0000000008008196       0x20 ./Drivers/STM32G4xx_HAL_Driver/Src/stm32g4xx_ll_usb.o
                0x0000000008008196                USB_ReadInterrupts
 .text.USB_WritePMA
                0x00000000080081b6       0x84 ./Drivers/STM32G4xx_HAL_Driver/Src/stm32g4xx_ll_usb.o
                0x00000000080081b6                USB_WritePMA
 .text.USB_ReadPMA
                0x000000000800823a       0x98 ./Drivers/STM32G4xx_HAL_Driver/Src/stm32g4xx_ll_usb.o
                0x000000000800823a                USB_ReadPMA
 .text.USBD_CDC_Init
                0x00000000080082d2       0xfe ./Middlewares/ST/STM32_USB_Device_Library/Class/CDC/Src/usbd_cdc.o
 .text.USBD_CDC_DeInit
                0x00000000080083d0       0x74 ./Middlewares/ST/STM32_USB_Device_Library/Class/CDC/Src/usbd_cdc.o
 .text.USBD_CDC_Setup
                0x0000000008008444      0x190 ./Middlewares/ST/STM32_USB_Device_Library/Class/CDC/Src/usbd_cdc.o
 .text.USBD_CDC_DataIn
                0x00000000080085d4       0xca ./Middlewares/ST/STM32_USB_Device_Library/Class/CDC/Src/usbd_cdc.o
 .text.USBD_CDC_DataOut
                0x000000000800869e       0x56 ./Middlewares/ST/STM32_USB_Device_Library/Class/CDC/Src/usbd_cdc.o
 .text.USBD_CDC_EP0_RxReady
                0x00000000080086f4       0x5a ./Middlewares/ST/STM32_USB_Device_Library/Class/CDC/Src/usbd_cdc.o
 *fill*         0x000000000800874e        0x2 
 .text.USBD_CDC_GetFSCfgDesc
                0x0000000008008750       0x20 ./Middlewares/ST/STM32_USB_Device_Library/Class/CDC/Src/usbd_cdc.o
 .text.USBD_CDC_GetHSCfgDesc
                0x0000000008008770       0x20 ./Middlewares/ST/STM32_USB_Device_Library/Class/CDC/Src/usbd_cdc.o
 .text.USBD_CDC_GetOtherSpeedCfgDesc
                0x0000000008008790       0x20 ./Middlewares/ST/STM32_USB_Device_Library/Class/CDC/Src/usbd_cdc.o
 .text.USBD_CDC_GetDeviceQualifierDescriptor
                0x00000000080087b0       0x20 ./Middlewares/ST/STM32_USB_Device_Library/Class/CDC/Src/usbd_cdc.o
                0x00000000080087b0                USBD_CDC_GetDeviceQualifierDescriptor
 .text.USBD_CDC_RegisterInterface
                0x00000000080087d0       0x2a ./Middlewares/ST/STM32_USB_Device_Library/Class/CDC/Src/usbd_cdc.o
                0x00000000080087d0                USBD_CDC_RegisterInterface
 .text.USBD_CDC_SetTxBuffer
                0x00000000080087fa       0x3c ./Middlewares/ST/STM32_USB_Device_Library/Class/CDC/Src/usbd_cdc.o
                0x00000000080087fa                USBD_CDC_SetTxBuffer
 .text.USBD_CDC_SetRxBuffer
                0x0000000008008836       0x32 ./Middlewares/ST/STM32_USB_Device_Library/Class/CDC/Src/usbd_cdc.o
                0x0000000008008836                USBD_CDC_SetRxBuffer
 .text.USBD_CDC_TransmitPacket
                0x0000000008008868       0x60 ./Middlewares/ST/STM32_USB_Device_Library/Class/CDC/Src/usbd_cdc.o
                0x0000000008008868                USBD_CDC_TransmitPacket
 .text.USBD_CDC_ReceivePacket
                0x00000000080088c8       0x54 ./Middlewares/ST/STM32_USB_Device_Library/Class/CDC/Src/usbd_cdc.o
                0x00000000080088c8                USBD_CDC_ReceivePacket
 .text.USBD_Init
                0x000000000800891c       0x60 ./Middlewares/ST/STM32_USB_Device_Library/Core/Src/usbd_core.o
                0x000000000800891c                USBD_Init
 .text.USBD_RegisterClass
                0x000000000800897c       0x4e ./Middlewares/ST/STM32_USB_Device_Library/Core/Src/usbd_core.o
                0x000000000800897c                USBD_RegisterClass
 .text.USBD_Start
                0x00000000080089ca       0x18 ./Middlewares/ST/STM32_USB_Device_Library/Core/Src/usbd_core.o
                0x00000000080089ca                USBD_Start
 .text.USBD_RunTestMode
                0x00000000080089e2       0x16 ./Middlewares/ST/STM32_USB_Device_Library/Core/Src/usbd_core.o
                0x00000000080089e2                USBD_RunTestMode
 .text.USBD_SetClassConfig
                0x00000000080089f8       0x38 ./Middlewares/ST/STM32_USB_Device_Library/Core/Src/usbd_core.o
                0x00000000080089f8                USBD_SetClassConfig
 .text.USBD_ClrClassConfig
                0x0000000008008a30       0x30 ./Middlewares/ST/STM32_USB_Device_Library/Core/Src/usbd_core.o
                0x0000000008008a30                USBD_ClrClassConfig
 .text.USBD_LL_SetupStage
                0x0000000008008a60       0xaa ./Middlewares/ST/STM32_USB_Device_Library/Core/Src/usbd_core.o
                0x0000000008008a60                USBD_LL_SetupStage
 .text.USBD_LL_DataOutStage
                0x0000000008008b0a       0xc6 ./Middlewares/ST/STM32_USB_Device_Library/Core/Src/usbd_core.o
                0x0000000008008b0a                USBD_LL_DataOutStage
 .text.USBD_LL_DataInStage
                0x0000000008008bd0      0x12c ./Middlewares/ST/STM32_USB_Device_Library/Core/Src/usbd_core.o
                0x0000000008008bd0                USBD_LL_DataInStage
 .text.USBD_LL_Reset
                0x0000000008008cfc       0x9c ./Middlewares/ST/STM32_USB_Device_Library/Core/Src/usbd_core.o
                0x0000000008008cfc                USBD_LL_Reset
 .text.USBD_LL_SetSpeed
                0x0000000008008d98       0x20 ./Middlewares/ST/STM32_USB_Device_Library/Core/Src/usbd_core.o
                0x0000000008008d98                USBD_LL_SetSpeed
 .text.USBD_LL_Suspend
                0x0000000008008db8       0x2c ./Middlewares/ST/STM32_USB_Device_Library/Core/Src/usbd_core.o
                0x0000000008008db8                USBD_LL_Suspend
 .text.USBD_LL_Resume
                0x0000000008008de4       0x30 ./Middlewares/ST/STM32_USB_Device_Library/Core/Src/usbd_core.o
                0x0000000008008de4                USBD_LL_Resume
 .text.USBD_LL_SOF
                0x0000000008008e14       0x44 ./Middlewares/ST/STM32_USB_Device_Library/Core/Src/usbd_core.o
                0x0000000008008e14                USBD_LL_SOF
 .text.SWAPBYTE
                0x0000000008008e58       0x3c ./Middlewares/ST/STM32_USB_Device_Library/Core/Src/usbd_ctlreq.o
 .text.USBD_StdDevReq
                0x0000000008008e94       0xdc ./Middlewares/ST/STM32_USB_Device_Library/Core/Src/usbd_ctlreq.o
                0x0000000008008e94                USBD_StdDevReq
 .text.USBD_StdItfReq
                0x0000000008008f70       0x92 ./Middlewares/ST/STM32_USB_Device_Library/Core/Src/usbd_ctlreq.o
                0x0000000008008f70                USBD_StdItfReq
 .text.USBD_StdEPReq
                0x0000000008009002      0x2c4 ./Middlewares/ST/STM32_USB_Device_Library/Core/Src/usbd_ctlreq.o
                0x0000000008009002                USBD_StdEPReq
 *fill*         0x00000000080092c6        0x2 
 .text.USBD_GetDescriptor
                0x00000000080092c8      0x328 ./Middlewares/ST/STM32_USB_Device_Library/Core/Src/usbd_ctlreq.o
 .text.USBD_SetAddress
                0x00000000080095f0       0x88 ./Middlewares/ST/STM32_USB_Device_Library/Core/Src/usbd_ctlreq.o
 .text.USBD_SetConfig
                0x0000000008009678      0x14c ./Middlewares/ST/STM32_USB_Device_Library/Core/Src/usbd_ctlreq.o
 .text.USBD_GetConfig
                0x00000000080097c4       0x6c ./Middlewares/ST/STM32_USB_Device_Library/Core/Src/usbd_ctlreq.o
 .text.USBD_GetStatus
                0x0000000008009830       0x68 ./Middlewares/ST/STM32_USB_Device_Library/Core/Src/usbd_ctlreq.o
 .text.USBD_SetFeature
                0x0000000008009898       0x28 ./Middlewares/ST/STM32_USB_Device_Library/Core/Src/usbd_ctlreq.o
 .text.USBD_ClrFeature
                0x00000000080098c0       0x44 ./Middlewares/ST/STM32_USB_Device_Library/Core/Src/usbd_ctlreq.o
 .text.USBD_ParseSetupRequest
                0x0000000008009904       0x74 ./Middlewares/ST/STM32_USB_Device_Library/Core/Src/usbd_ctlreq.o
                0x0000000008009904                USBD_ParseSetupRequest
 .text.USBD_CtlError
                0x0000000008009978       0x22 ./Middlewares/ST/STM32_USB_Device_Library/Core/Src/usbd_ctlreq.o
                0x0000000008009978                USBD_CtlError
 .text.USBD_GetString
                0x000000000800999a       0x8c ./Middlewares/ST/STM32_USB_Device_Library/Core/Src/usbd_ctlreq.o
                0x000000000800999a                USBD_GetString
 .text.USBD_GetLen
                0x0000000008009a26       0x34 ./Middlewares/ST/STM32_USB_Device_Library/Core/Src/usbd_ctlreq.o
 .text.USBD_CtlSendData
                0x0000000008009a5a       0x36 ./Middlewares/ST/STM32_USB_Device_Library/Core/Src/usbd_ioreq.o
                0x0000000008009a5a                USBD_CtlSendData
 .text.USBD_CtlContinueSendData
                0x0000000008009a90       0x22 ./Middlewares/ST/STM32_USB_Device_Library/Core/Src/usbd_ioreq.o
                0x0000000008009a90                USBD_CtlContinueSendData
 .text.USBD_CtlPrepareRx
                0x0000000008009ab2       0x3a ./Middlewares/ST/STM32_USB_Device_Library/Core/Src/usbd_ioreq.o
                0x0000000008009ab2                USBD_CtlPrepareRx
 .text.USBD_CtlContinueRx
                0x0000000008009aec       0x22 ./Middlewares/ST/STM32_USB_Device_Library/Core/Src/usbd_ioreq.o
                0x0000000008009aec                USBD_CtlContinueRx
 .text.USBD_CtlSendStatus
                0x0000000008009b0e       0x26 ./Middlewares/ST/STM32_USB_Device_Library/Core/Src/usbd_ioreq.o
                0x0000000008009b0e                USBD_CtlSendStatus
 .text.USBD_CtlReceiveStatus
                0x0000000008009b34       0x26 ./Middlewares/ST/STM32_USB_Device_Library/Core/Src/usbd_ioreq.o
                0x0000000008009b34                USBD_CtlReceiveStatus
 *fill*         0x0000000008009b5a        0x2 
 .text.MX_USB_Device_Init
                0x0000000008009b5c       0x60 ./USB_Device/App/usb_device.o
                0x0000000008009b5c                MX_USB_Device_Init
 .text.CDC_Init_FS
                0x0000000008009bbc       0x28 ./USB_Device/App/usbd_cdc_if.o
 .text.CDC_DeInit_FS
                0x0000000008009be4       0x10 ./USB_Device/App/usbd_cdc_if.o
 .text.CDC_Control_FS
                0x0000000008009bf4       0xbc ./USB_Device/App/usbd_cdc_if.o
 .text.CDC_Receive_FS
                0x0000000008009cb0       0x30 ./USB_Device/App/usbd_cdc_if.o
 .text.CDC_Transmit_FS
                0x0000000008009ce0       0x4c ./USB_Device/App/usbd_cdc_if.o
                0x0000000008009ce0                CDC_Transmit_FS
 .text.CDC_TransmitCplt_FS
                0x0000000008009d2c       0x22 ./USB_Device/App/usbd_cdc_if.o
 *fill*         0x0000000008009d4e        0x2 
 .text.USBD_CDC_DeviceDescriptor
                0x0000000008009d50       0x24 ./USB_Device/App/usbd_desc.o
                0x0000000008009d50                USBD_CDC_DeviceDescriptor
 .text.USBD_CDC_LangIDStrDescriptor
                0x0000000008009d74       0x24 ./USB_Device/App/usbd_desc.o
                0x0000000008009d74                USBD_CDC_LangIDStrDescriptor
 .text.USBD_CDC_ProductStrDescriptor
                0x0000000008009d98       0x3c ./USB_Device/App/usbd_desc.o
                0x0000000008009d98                USBD_CDC_ProductStrDescriptor
 .text.USBD_CDC_ManufacturerStrDescriptor
                0x0000000008009dd4       0x28 ./USB_Device/App/usbd_desc.o
                0x0000000008009dd4                USBD_CDC_ManufacturerStrDescriptor
 .text.USBD_CDC_SerialStrDescriptor
                0x0000000008009dfc       0x24 ./USB_Device/App/usbd_desc.o
                0x0000000008009dfc                USBD_CDC_SerialStrDescriptor
 .text.USBD_CDC_ConfigStrDescriptor
                0x0000000008009e20       0x3c ./USB_Device/App/usbd_desc.o
                0x0000000008009e20                USBD_CDC_ConfigStrDescriptor
 .text.USBD_CDC_InterfaceStrDescriptor
                0x0000000008009e5c       0x3c ./USB_Device/App/usbd_desc.o
                0x0000000008009e5c                USBD_CDC_InterfaceStrDescriptor
 .text.Get_SerialNum
                0x0000000008009e98       0x58 ./USB_Device/App/usbd_desc.o
 .text.IntToUnicode
                0x0000000008009ef0       0x7e ./USB_Device/App/usbd_desc.o
 *fill*         0x0000000008009f6e        0x2 
 .text.HAL_PCD_MspInit
                0x0000000008009f70       0x78 ./USB_Device/Target/usbd_conf.o
                0x0000000008009f70                HAL_PCD_MspInit
 .text.HAL_PCD_SetupStageCallback
                0x0000000008009fe8       0x24 ./USB_Device/Target/usbd_conf.o
                0x0000000008009fe8                HAL_PCD_SetupStageCallback
 .text.HAL_PCD_DataOutStageCallback
                0x000000000800a00c       0x36 ./USB_Device/Target/usbd_conf.o
                0x000000000800a00c                HAL_PCD_DataOutStageCallback
 .text.HAL_PCD_DataInStageCallback
                0x000000000800a042       0x34 ./USB_Device/Target/usbd_conf.o
                0x000000000800a042                HAL_PCD_DataInStageCallback
 .text.HAL_PCD_SOFCallback
                0x000000000800a076       0x1c ./USB_Device/Target/usbd_conf.o
                0x000000000800a076                HAL_PCD_SOFCallback
 .text.HAL_PCD_ResetCallback
                0x000000000800a092       0x3c ./USB_Device/Target/usbd_conf.o
                0x000000000800a092                HAL_PCD_ResetCallback
 *fill*         0x000000000800a0ce        0x2 
 .text.HAL_PCD_SuspendCallback
                0x000000000800a0d0       0x34 ./USB_Device/Target/usbd_conf.o
                0x000000000800a0d0                HAL_PCD_SuspendCallback
 .text.HAL_PCD_ResumeCallback
                0x000000000800a104       0x38 ./USB_Device/Target/usbd_conf.o
                0x000000000800a104                HAL_PCD_ResumeCallback
 .text.USBD_LL_Init
                0x000000000800a13c       0xc0 ./USB_Device/Target/usbd_conf.o
                0x000000000800a13c                USBD_LL_Init
 .text.USBD_LL_Start
                0x000000000800a1fc       0x36 ./USB_Device/Target/usbd_conf.o
                0x000000000800a1fc                USBD_LL_Start
 .text.USBD_LL_OpenEP
                0x000000000800a232       0x4c ./USB_Device/Target/usbd_conf.o
                0x000000000800a232                USBD_LL_OpenEP
 .text.USBD_LL_CloseEP
                0x000000000800a27e       0x3e ./USB_Device/Target/usbd_conf.o
                0x000000000800a27e                USBD_LL_CloseEP
 .text.USBD_LL_StallEP
                0x000000000800a2bc       0x3e ./USB_Device/Target/usbd_conf.o
                0x000000000800a2bc                USBD_LL_StallEP
 .text.USBD_LL_ClearStallEP
                0x000000000800a2fa       0x3e ./USB_Device/Target/usbd_conf.o
                0x000000000800a2fa                USBD_LL_ClearStallEP
 .text.USBD_LL_IsStallEP
                0x000000000800a338       0x5a ./USB_Device/Target/usbd_conf.o
                0x000000000800a338                USBD_LL_IsStallEP
 .text.USBD_LL_SetUSBAddress
                0x000000000800a392       0x3e ./USB_Device/Target/usbd_conf.o
                0x000000000800a392                USBD_LL_SetUSBAddress
 .text.USBD_LL_Transmit
                0x000000000800a3d0       0x42 ./USB_Device/Target/usbd_conf.o
                0x000000000800a3d0                USBD_LL_Transmit
 .text.USBD_LL_PrepareReceive
                0x000000000800a412       0x42 ./USB_Device/Target/usbd_conf.o
                0x000000000800a412                USBD_LL_PrepareReceive
 .text.USBD_LL_GetRxDataSize
                0x000000000800a454       0x26 ./USB_Device/Target/usbd_conf.o
                0x000000000800a454                USBD_LL_GetRxDataSize
 *fill*         0x000000000800a47a        0x2 
 .text.HAL_PCDEx_LPM_Callback
                0x000000000800a47c       0x6c ./USB_Device/Target/usbd_conf.o
                0x000000000800a47c                HAL_PCDEx_LPM_Callback
 .text.USBD_static_malloc
                0x000000000800a4e8       0x1c ./USB_Device/Target/usbd_conf.o
                0x000000000800a4e8                USBD_static_malloc
 .text.USBD_static_free
                0x000000000800a504       0x14 ./USB_Device/Target/usbd_conf.o
                0x000000000800a504                USBD_static_free
 .text.SystemClockConfig_Resume
                0x000000000800a518        0xc ./USB_Device/Target/usbd_conf.o
 .text.USBD_Get_USB_Status
                0x000000000800a524       0x58 ./USB_Device/Target/usbd_conf.o
 .text.__libc_init_array
                0x000000000800a57c       0x48 c:/st/stm32cubeide_1.10.1/stm32cubeide/plugins/com.st.stm32cube.ide.mcu.externaltools.gnu-tools-for-stm32.10.3-2021.10.win32_1.0.0.202111181127/tools/bin/../lib/gcc/arm-none-eabi/10.3.1/../../../../arm-none-eabi/lib/thumb/v7e-m+fp/hard\libc_nano.a(lib_a-init.o)
                0x000000000800a57c                __libc_init_array
 .text.memcpy   0x000000000800a5c4       0x1c c:/st/stm32cubeide_1.10.1/stm32cubeide/plugins/com.st.stm32cube.ide.mcu.externaltools.gnu-tools-for-stm32.10.3-2021.10.win32_1.0.0.202111181127/tools/bin/../lib/gcc/arm-none-eabi/10.3.1/../../../../arm-none-eabi/lib/thumb/v7e-m+fp/hard\libc_nano.a(lib_a-memcpy-stub.o)
                0x000000000800a5c4                memcpy
 .text.memset   0x000000000800a5e0       0x10 c:/st/stm32cubeide_1.10.1/stm32cubeide/plugins/com.st.stm32cube.ide.mcu.externaltools.gnu-tools-for-stm32.10.3-2021.10.win32_1.0.0.202111181127/tools/bin/../lib/gcc/arm-none-eabi/10.3.1/../../../../arm-none-eabi/lib/thumb/v7e-m+fp/hard\libc_nano.a(lib_a-memset.o)
                0x000000000800a5e0                memset
 *(.glue_7)
 .glue_7        0x000000000800a5f0        0x0 linker stubs
 *(.glue_7t)
 .glue_7t       0x000000000800a5f0        0x0 linker stubs
 *(.eh_frame)
 .eh_frame      0x000000000800a5f0        0x0 c:/st/stm32cubeide_1.10.1/stm32cubeide/plugins/com.st.stm32cube.ide.mcu.externaltools.gnu-tools-for-stm32.10.3-2021.10.win32_1.0.0.202111181127/tools/bin/../lib/gcc/arm-none-eabi/10.3.1/thumb/v7e-m+fp/hard/crtbegin.o
 *(.init)
 .init          0x000000000800a5f0        0x4 c:/st/stm32cubeide_1.10.1/stm32cubeide/plugins/com.st.stm32cube.ide.mcu.externaltools.gnu-tools-for-stm32.10.3-2021.10.win32_1.0.0.202111181127/tools/bin/../lib/gcc/arm-none-eabi/10.3.1/thumb/v7e-m+fp/hard/crti.o
                0x000000000800a5f0                _init
 .init          0x000000000800a5f4        0x8 c:/st/stm32cubeide_1.10.1/stm32cubeide/plugins/com.st.stm32cube.ide.mcu.externaltools.gnu-tools-for-stm32.10.3-2021.10.win32_1.0.0.202111181127/tools/bin/../lib/gcc/arm-none-eabi/10.3.1/thumb/v7e-m+fp/hard/crtn.o
 *(.fini)
 .fini          0x000000000800a5fc        0x4 c:/st/stm32cubeide_1.10.1/stm32cubeide/plugins/com.st.stm32cube.ide.mcu.externaltools.gnu-tools-for-stm32.10.3-2021.10.win32_1.0.0.202111181127/tools/bin/../lib/gcc/arm-none-eabi/10.3.1/thumb/v7e-m+fp/hard/crti.o
                0x000000000800a5fc                _fini
 .fini          0x000000000800a600        0x8 c:/st/stm32cubeide_1.10.1/stm32cubeide/plugins/com.st.stm32cube.ide.mcu.externaltools.gnu-tools-for-stm32.10.3-2021.10.win32_1.0.0.202111181127/tools/bin/../lib/gcc/arm-none-eabi/10.3.1/thumb/v7e-m+fp/hard/crtn.o
                0x000000000800a608                . = ALIGN (0x4)
                0x000000000800a608                _etext = .

.vfp11_veneer   0x000000000800a608        0x0
 .vfp11_veneer  0x000000000800a608        0x0 linker stubs

.v4_bx          0x000000000800a608        0x0
 .v4_bx         0x000000000800a608        0x0 linker stubs

.iplt           0x000000000800a608        0x0
 .iplt          0x000000000800a608        0x0 c:/st/stm32cubeide_1.10.1/stm32cubeide/plugins/com.st.stm32cube.ide.mcu.externaltools.gnu-tools-for-stm32.10.3-2021.10.win32_1.0.0.202111181127/tools/bin/../lib/gcc/arm-none-eabi/10.3.1/thumb/v7e-m+fp/hard/crtbegin.o

.rodata         0x000000000800a608       0x58
                0x000000000800a608                . = ALIGN (0x4)
 *(.rodata)
 .rodata        0x000000000800a608       0x46 ./USB_Device/App/usbd_desc.o
 *(.rodata*)
 *fill*         0x000000000800a64e        0x2 
 .rodata.AHBPrescTable
                0x000000000800a650       0x10 ./Core/Src/system_stm32g4xx.o
                0x000000000800a650                AHBPrescTable
                0x000000000800a660                . = ALIGN (0x4)

.rel.dyn        0x000000000800a660        0x0
 .rel.iplt      0x000000000800a660        0x0 c:/st/stm32cubeide_1.10.1/stm32cubeide/plugins/com.st.stm32cube.ide.mcu.externaltools.gnu-tools-for-stm32.10.3-2021.10.win32_1.0.0.202111181127/tools/bin/../lib/gcc/arm-none-eabi/10.3.1/thumb/v7e-m+fp/hard/crtbegin.o

.ARM.extab      0x000000000800a660        0x0
                0x000000000800a660                . = ALIGN (0x4)
 *(.ARM.extab* .gnu.linkonce.armextab.*)
                0x000000000800a660                . = ALIGN (0x4)

.ARM            0x000000000800a660        0x0
                0x000000000800a660                . = ALIGN (0x4)
                0x000000000800a660                __exidx_start = .
 *(.ARM.exidx*)
                0x000000000800a660                __exidx_end = .
                0x000000000800a660                . = ALIGN (0x4)

.preinit_array  0x000000000800a660        0x0
                0x000000000800a660                . = ALIGN (0x4)
                0x000000000800a660                PROVIDE (__preinit_array_start = .)
 *(.preinit_array*)
                0x000000000800a660                PROVIDE (__preinit_array_end = .)
                0x000000000800a660                . = ALIGN (0x4)

.init_array     0x000000000800a660        0x4
                0x000000000800a660                . = ALIGN (0x4)
                0x000000000800a660                PROVIDE (__init_array_start = .)
 *(SORT_BY_NAME(.init_array.*))
 *(.init_array*)
 .init_array    0x000000000800a660        0x4 c:/st/stm32cubeide_1.10.1/stm32cubeide/plugins/com.st.stm32cube.ide.mcu.externaltools.gnu-tools-for-stm32.10.3-2021.10.win32_1.0.0.202111181127/tools/bin/../lib/gcc/arm-none-eabi/10.3.1/thumb/v7e-m+fp/hard/crtbegin.o
                0x000000000800a664                PROVIDE (__init_array_end = .)
                0x000000000800a664                . = ALIGN (0x4)

.fini_array     0x000000000800a664        0x4
                0x000000000800a664                . = ALIGN (0x4)
                [!provide]                        PROVIDE (__fini_array_start = .)
 *(SORT_BY_NAME(.fini_array.*))
 *(.fini_array*)
 .fini_array    0x000000000800a664        0x4 c:/st/stm32cubeide_1.10.1/stm32cubeide/plugins/com.st.stm32cube.ide.mcu.externaltools.gnu-tools-for-stm32.10.3-2021.10.win32_1.0.0.202111181127/tools/bin/../lib/gcc/arm-none-eabi/10.3.1/thumb/v7e-m+fp/hard/crtbegin.o
                [!provide]                        PROVIDE (__fini_array_end = .)
                0x000000000800a668                . = ALIGN (0x4)
                0x000000000800a668                _sidata = LOADADDR (.data)

.data           0x0000000020000000      0x198 load address 0x000000000800a668
                0x0000000020000000                . = ALIGN (0x4)
                0x0000000020000000                _sdata = .
 *(.data)
 *(.data*)
 .data.command  0x0000000020000000       0x14 ./Core/Src/main.o
                0x0000000020000000                command
 .data.SystemCoreClock
                0x0000000020000014        0x4 ./Core/Src/system_stm32g4xx.o
                0x0000000020000014                SystemCoreClock
 .data.uwTickPrio
                0x0000000020000018        0x4 ./Drivers/STM32G4xx_HAL_Driver/Src/stm32g4xx_hal.o
                0x0000000020000018                uwTickPrio
 .data.uwTickFreq
                0x000000002000001c        0x4 ./Drivers/STM32G4xx_HAL_Driver/Src/stm32g4xx_hal.o
                0x000000002000001c                uwTickFreq
 .data.USBD_CDC_DeviceQualifierDesc
                0x0000000020000020        0xa ./Middlewares/ST/STM32_USB_Device_Library/Class/CDC/Src/usbd_cdc.o
 *fill*         0x000000002000002a        0x2 
 .data.USBD_CDC
                0x000000002000002c       0x38 ./Middlewares/ST/STM32_USB_Device_Library/Class/CDC/Src/usbd_cdc.o
                0x000000002000002c                USBD_CDC
 .data.USBD_CDC_CfgHSDesc
                0x0000000020000064       0x43 ./Middlewares/ST/STM32_USB_Device_Library/Class/CDC/Src/usbd_cdc.o
 *fill*         0x00000000200000a7        0x1 
 .data.USBD_CDC_CfgFSDesc
                0x00000000200000a8       0x43 ./Middlewares/ST/STM32_USB_Device_Library/Class/CDC/Src/usbd_cdc.o
 *fill*         0x00000000200000eb        0x1 
 .data.USBD_CDC_OtherSpeedCfgDesc
                0x00000000200000ec       0x43 ./Middlewares/ST/STM32_USB_Device_Library/Class/CDC/Src/usbd_cdc.o
 *fill*         0x000000002000012f        0x1 
 .data.USBD_Interface_fops_FS
                0x0000000020000130       0x14 ./USB_Device/App/usbd_cdc_if.o
                0x0000000020000130                USBD_Interface_fops_FS
 .data.CDC_Desc
                0x0000000020000144       0x20 ./USB_Device/App/usbd_desc.o
                0x0000000020000144                CDC_Desc
 .data.USBD_CDC_DeviceDesc
                0x0000000020000164       0x12 ./USB_Device/App/usbd_desc.o
                0x0000000020000164                USBD_CDC_DeviceDesc
 *fill*         0x0000000020000176        0x2 
 .data.USBD_LangIDDesc
                0x0000000020000178        0x4 ./USB_Device/App/usbd_desc.o
                0x0000000020000178                USBD_LangIDDesc
 .data.USBD_StringSerial
                0x000000002000017c       0x1a ./USB_Device/App/usbd_desc.o
                0x000000002000017c                USBD_StringSerial
 *(.RamFunc)
 *(.RamFunc*)
                0x0000000020000198                . = ALIGN (0x4)
 *fill*         0x0000000020000196        0x2 
                0x0000000020000198                _edata = .

.igot.plt       0x0000000020000198        0x0 load address 0x000000000800a800
 .igot.plt      0x0000000020000198        0x0 c:/st/stm32cubeide_1.10.1/stm32cubeide/plugins/com.st.stm32cube.ide.mcu.externaltools.gnu-tools-for-stm32.10.3-2021.10.win32_1.0.0.202111181127/tools/bin/../lib/gcc/arm-none-eabi/10.3.1/thumb/v7e-m+fp/hard/crtbegin.o
                0x0000000020000198                . = ALIGN (0x4)

.bss            0x0000000020000198     0x1444 load address 0x000000000800a800
                0x0000000020000198                _sbss = .
                0x0000000020000198                __bss_start__ = _sbss
 *(.bss)
 .bss           0x0000000020000198       0x1c c:/st/stm32cubeide_1.10.1/stm32cubeide/plugins/com.st.stm32cube.ide.mcu.externaltools.gnu-tools-for-stm32.10.3-2021.10.win32_1.0.0.202111181127/tools/bin/../lib/gcc/arm-none-eabi/10.3.1/thumb/v7e-m+fp/hard/crtbegin.o
 *(.bss*)
 .bss.htim1     0x00000000200001b4       0x4c ./Core/Src/main.o
                0x00000000200001b4                htim1
 .bss.htim2     0x0000000020000200       0x4c ./Core/Src/main.o
                0x0000000020000200                htim2
 .bss.htim3     0x000000002000024c       0x4c ./Core/Src/main.o
                0x000000002000024c                htim3
 .bss.htim4     0x0000000020000298       0x4c ./Core/Src/main.o
                0x0000000020000298                htim4
 .bss.htim6     0x00000000200002e4       0x4c ./Core/Src/main.o
                0x00000000200002e4                htim6
 .bss.htim8     0x0000000020000330       0x4c ./Core/Src/main.o
                0x0000000020000330                htim8
 .bss.htim15    0x000000002000037c       0x4c ./Core/Src/main.o
                0x000000002000037c                htim15
 .bss.motor_status
                0x00000000200003c8       0x54 ./Core/Src/main.o
                0x00000000200003c8                motor_status
 .bss.isCommandReceived
                0x000000002000041c        0x1 ./Core/Src/main.o
                0x000000002000041c                isCommandReceived
 *fill*         0x000000002000041d        0x1 
 .bss.commandless_count
                0x000000002000041e        0x2 ./Core/Src/main.o
                0x000000002000041e                commandless_count
 .bss.uwTick    0x0000000020000420        0x4 ./Drivers/STM32G4xx_HAL_Driver/Src/stm32g4xx_hal.o
                0x0000000020000420                uwTick
 .bss.cfgidx.0  0x0000000020000424        0x1 ./Middlewares/ST/STM32_USB_Device_Library/Core/Src/usbd_ctlreq.o
 *fill*         0x0000000020000425        0x3 
 .bss.hUsbDeviceFS
                0x0000000020000428      0x2d0 ./USB_Device/App/usb_device.o
                0x0000000020000428                hUsbDeviceFS
 .bss.UserRxBufferFS
                0x00000000200006f8      0x3e8 ./USB_Device/App/usbd_cdc_if.o
                0x00000000200006f8                UserRxBufferFS
 .bss.UserTxBufferFS
                0x0000000020000ae0      0x3e8 ./USB_Device/App/usbd_cdc_if.o
                0x0000000020000ae0                UserTxBufferFS
 .bss.USBD_StrDesc
                0x0000000020000ec8      0x200 ./USB_Device/App/usbd_desc.o
                0x0000000020000ec8                USBD_StrDesc
 .bss.hpcd_USB_FS
                0x00000000200010c8      0x2f4 ./USB_Device/Target/usbd_conf.o
                0x00000000200010c8                hpcd_USB_FS
 .bss.mem.0     0x00000000200013bc      0x220 ./USB_Device/Target/usbd_conf.o
 *(COMMON)
                0x00000000200015dc                . = ALIGN (0x4)
                0x00000000200015dc                _ebss = .
                0x00000000200015dc                __bss_end__ = _ebss

._user_heap_stack
                0x00000000200015dc      0x604 load address 0x000000000800a800
                0x00000000200015e0                . = ALIGN (0x8)
 *fill*         0x00000000200015dc        0x4 
                [!provide]                        PROVIDE (end = .)
                0x00000000200015e0                PROVIDE (_end = .)
                0x00000000200017e0                . = (. + _Min_Heap_Size)
 *fill*         0x00000000200015e0      0x200 
                0x0000000020001be0                . = (. + _Min_Stack_Size)
 *fill*         0x00000000200017e0      0x400 
                0x0000000020001be0                . = ALIGN (0x8)

/DISCARD/
 libc.a(*)
 libm.a(*)
 libgcc.a(*)

.ARM.attributes
                0x0000000000000000       0x30
 *(.ARM.attributes)
 .ARM.attributes
                0x0000000000000000       0x1e c:/st/stm32cubeide_1.10.1/stm32cubeide/plugins/com.st.stm32cube.ide.mcu.externaltools.gnu-tools-for-stm32.10.3-2021.10.win32_1.0.0.202111181127/tools/bin/../lib/gcc/arm-none-eabi/10.3.1/thumb/v7e-m+fp/hard/crti.o
 .ARM.attributes
                0x000000000000001e       0x34 c:/st/stm32cubeide_1.10.1/stm32cubeide/plugins/com.st.stm32cube.ide.mcu.externaltools.gnu-tools-for-stm32.10.3-2021.10.win32_1.0.0.202111181127/tools/bin/../lib/gcc/arm-none-eabi/10.3.1/thumb/v7e-m+fp/hard/crtbegin.o
 .ARM.attributes
                0x0000000000000052       0x34 ./Core/Src/main.o
 .ARM.attributes
                0x0000000000000086       0x34 ./Core/Src/stm32g4xx_hal_msp.o
 .ARM.attributes
                0x00000000000000ba       0x34 ./Core/Src/stm32g4xx_it.o
 .ARM.attributes
                0x00000000000000ee       0x34 ./Core/Src/system_stm32g4xx.o
 .ARM.attributes
                0x0000000000000122       0x21 ./Core/Startup/startup_stm32g441kbtx.o
 .ARM.attributes
                0x0000000000000143       0x34 ./Drivers/STM32G4xx_HAL_Driver/Src/stm32g4xx_hal.o
 .ARM.attributes
                0x0000000000000177       0x34 ./Drivers/STM32G4xx_HAL_Driver/Src/stm32g4xx_hal_cortex.o
 .ARM.attributes
                0x00000000000001ab       0x34 ./Drivers/STM32G4xx_HAL_Driver/Src/stm32g4xx_hal_gpio.o
 .ARM.attributes
                0x00000000000001df       0x34 ./Drivers/STM32G4xx_HAL_Driver/Src/stm32g4xx_hal_pcd.o
 .ARM.attributes
                0x0000000000000213       0x34 ./Drivers/STM32G4xx_HAL_Driver/Src/stm32g4xx_hal_pcd_ex.o
 .ARM.attributes
                0x0000000000000247       0x34 ./Drivers/STM32G4xx_HAL_Driver/Src/stm32g4xx_hal_pwr_ex.o
 .ARM.attributes
                0x000000000000027b       0x34 ./Drivers/STM32G4xx_HAL_Driver/Src/stm32g4xx_hal_rcc.o
 .ARM.attributes
                0x00000000000002af       0x34 ./Drivers/STM32G4xx_HAL_Driver/Src/stm32g4xx_hal_rcc_ex.o
 .ARM.attributes
                0x00000000000002e3       0x34 ./Drivers/STM32G4xx_HAL_Driver/Src/stm32g4xx_hal_tim.o
 .ARM.attributes
                0x0000000000000317       0x34 ./Drivers/STM32G4xx_HAL_Driver/Src/stm32g4xx_hal_tim_ex.o
 .ARM.attributes
                0x000000000000034b       0x34 ./Drivers/STM32G4xx_HAL_Driver/Src/stm32g4xx_ll_usb.o
 .ARM.attributes
                0x000000000000037f       0x34 ./Middlewares/ST/STM32_USB_Device_Library/Class/CDC/Src/usbd_cdc.o
 .ARM.attributes
                0x00000000000003b3       0x34 ./Middlewares/ST/STM32_USB_Device_Library/Core/Src/usbd_core.o
 .ARM.attributes
                0x00000000000003e7       0x34 ./Middlewares/ST/STM32_USB_Device_Library/Core/Src/usbd_ctlreq.o
 .ARM.attributes
                0x000000000000041b       0x34 ./Middlewares/ST/STM32_USB_Device_Library/Core/Src/usbd_ioreq.o
 .ARM.attributes
                0x000000000000044f       0x34 ./USB_Device/App/usb_device.o
 .ARM.attributes
                0x0000000000000483       0x34 ./USB_Device/App/usbd_cdc_if.o
 .ARM.attributes
                0x00000000000004b7       0x34 ./USB_Device/App/usbd_desc.o
 .ARM.attributes
                0x00000000000004eb       0x34 ./USB_Device/Target/usbd_conf.o
 .ARM.attributes
                0x000000000000051f       0x34 c:/st/stm32cubeide_1.10.1/stm32cubeide/plugins/com.st.stm32cube.ide.mcu.externaltools.gnu-tools-for-stm32.10.3-2021.10.win32_1.0.0.202111181127/tools/bin/../lib/gcc/arm-none-eabi/10.3.1/../../../../arm-none-eabi/lib/thumb/v7e-m+fp/hard\libc_nano.a(lib_a-init.o)
 .ARM.attributes
                0x0000000000000553       0x34 c:/st/stm32cubeide_1.10.1/stm32cubeide/plugins/com.st.stm32cube.ide.mcu.externaltools.gnu-tools-for-stm32.10.3-2021.10.win32_1.0.0.202111181127/tools/bin/../lib/gcc/arm-none-eabi/10.3.1/../../../../arm-none-eabi/lib/thumb/v7e-m+fp/hard\libc_nano.a(lib_a-memcpy-stub.o)
 .ARM.attributes
                0x0000000000000587       0x34 c:/st/stm32cubeide_1.10.1/stm32cubeide/plugins/com.st.stm32cube.ide.mcu.externaltools.gnu-tools-for-stm32.10.3-2021.10.win32_1.0.0.202111181127/tools/bin/../lib/gcc/arm-none-eabi/10.3.1/../../../../arm-none-eabi/lib/thumb/v7e-m+fp/hard\libc_nano.a(lib_a-memset.o)
 .ARM.attributes
                0x00000000000005bb       0x1e c:/st/stm32cubeide_1.10.1/stm32cubeide/plugins/com.st.stm32cube.ide.mcu.externaltools.gnu-tools-for-stm32.10.3-2021.10.win32_1.0.0.202111181127/tools/bin/../lib/gcc/arm-none-eabi/10.3.1/thumb/v7e-m+fp/hard/crtn.o
OUTPUT(picr22-team-OWO.elf elf32-littlearm)
LOAD linker stubs
LOAD c:/st/stm32cubeide_1.10.1/stm32cubeide/plugins/com.st.stm32cube.ide.mcu.externaltools.gnu-tools-for-stm32.10.3-2021.10.win32_1.0.0.202111181127/tools/bin/../lib/gcc/arm-none-eabi/10.3.1/../../../../arm-none-eabi/lib/thumb/v7e-m+fp/hard\libc.a
LOAD c:/st/stm32cubeide_1.10.1/stm32cubeide/plugins/com.st.stm32cube.ide.mcu.externaltools.gnu-tools-for-stm32.10.3-2021.10.win32_1.0.0.202111181127/tools/bin/../lib/gcc/arm-none-eabi/10.3.1/../../../../arm-none-eabi/lib/thumb/v7e-m+fp/hard\libm.a
LOAD c:/st/stm32cubeide_1.10.1/stm32cubeide/plugins/com.st.stm32cube.ide.mcu.externaltools.gnu-tools-for-stm32.10.3-2021.10.win32_1.0.0.202111181127/tools/bin/../lib/gcc/arm-none-eabi/10.3.1/thumb/v7e-m+fp/hard\libgcc.a

.debug_info     0x0000000000000000    0x166c3
 .debug_info    0x0000000000000000     0x18a8 ./Core/Src/main.o
 .debug_info    0x00000000000018a8     0x10ed ./Core/Src/stm32g4xx_hal_msp.o
 .debug_info    0x0000000000002995      0xe06 ./Core/Src/stm32g4xx_it.o
 .debug_info    0x000000000000379b      0x59f ./Core/Src/system_stm32g4xx.o
 .debug_info    0x0000000000003d3a       0x22 ./Core/Startup/startup_stm32g441kbtx.o
 .debug_info    0x0000000000003d5c      0xae9 ./Drivers/STM32G4xx_HAL_Driver/Src/stm32g4xx_hal.o
 .debug_info    0x0000000000004845      0xdca ./Drivers/STM32G4xx_HAL_Driver/Src/stm32g4xx_hal_cortex.o
 .debug_info    0x000000000000560f      0x82f ./Drivers/STM32G4xx_HAL_Driver/Src/stm32g4xx_hal_gpio.o
 .debug_info    0x0000000000005e3e     0x16ac ./Drivers/STM32G4xx_HAL_Driver/Src/stm32g4xx_hal_pcd.o
 .debug_info    0x00000000000074ea      0x890 ./Drivers/STM32G4xx_HAL_Driver/Src/stm32g4xx_hal_pcd_ex.o
 .debug_info    0x0000000000007d7a      0x983 ./Drivers/STM32G4xx_HAL_Driver/Src/stm32g4xx_hal_pwr_ex.o
 .debug_info    0x00000000000086fd      0xc53 ./Drivers/STM32G4xx_HAL_Driver/Src/stm32g4xx_hal_rcc.o
 .debug_info    0x0000000000009350      0xcfe ./Drivers/STM32G4xx_HAL_Driver/Src/stm32g4xx_hal_rcc_ex.o
 .debug_info    0x000000000000a04e     0x2e83 ./Drivers/STM32G4xx_HAL_Driver/Src/stm32g4xx_hal_tim.o
 .debug_info    0x000000000000ced1     0x1eea ./Drivers/STM32G4xx_HAL_Driver/Src/stm32g4xx_hal_tim_ex.o
 .debug_info    0x000000000000edbb     0x1675 ./Drivers/STM32G4xx_HAL_Driver/Src/stm32g4xx_ll_usb.o
 .debug_info    0x0000000000010430     0x11c1 ./Middlewares/ST/STM32_USB_Device_Library/Class/CDC/Src/usbd_cdc.o
 .debug_info    0x00000000000115f1      0xbcd ./Middlewares/ST/STM32_USB_Device_Library/Core/Src/usbd_core.o
 .debug_info    0x00000000000121be      0xae0 ./Middlewares/ST/STM32_USB_Device_Library/Core/Src/usbd_ctlreq.o
 .debug_info    0x0000000000012c9e      0x78f ./Middlewares/ST/STM32_USB_Device_Library/Core/Src/usbd_ioreq.o
 .debug_info    0x000000000001342d      0x71f ./USB_Device/App/usb_device.o
 .debug_info    0x0000000000013b4c      0x93c ./USB_Device/App/usbd_cdc_if.o
 .debug_info    0x0000000000014488      0x49b ./USB_Device/App/usbd_desc.o
 .debug_info    0x0000000000014923     0x1da0 ./USB_Device/Target/usbd_conf.o

.debug_abbrev   0x0000000000000000     0x35ed
 .debug_abbrev  0x0000000000000000      0x39f ./Core/Src/main.o
 .debug_abbrev  0x000000000000039f      0x257 ./Core/Src/stm32g4xx_hal_msp.o
 .debug_abbrev  0x00000000000005f6      0x1e6 ./Core/Src/stm32g4xx_it.o
 .debug_abbrev  0x00000000000007dc      0x116 ./Core/Src/system_stm32g4xx.o
 .debug_abbrev  0x00000000000008f2       0x12 ./Core/Startup/startup_stm32g441kbtx.o
 .debug_abbrev  0x0000000000000904      0x269 ./Drivers/STM32G4xx_HAL_Driver/Src/stm32g4xx_hal.o
 .debug_abbrev  0x0000000000000b6d      0x30d ./Drivers/STM32G4xx_HAL_Driver/Src/stm32g4xx_hal_cortex.o
 .debug_abbrev  0x0000000000000e7a      0x1bb ./Drivers/STM32G4xx_HAL_Driver/Src/stm32g4xx_hal_gpio.o
 .debug_abbrev  0x0000000000001035      0x2a4 ./Drivers/STM32G4xx_HAL_Driver/Src/stm32g4xx_hal_pcd.o
 .debug_abbrev  0x00000000000012d9      0x21d ./Drivers/STM32G4xx_HAL_Driver/Src/stm32g4xx_hal_pcd_ex.o
 .debug_abbrev  0x00000000000014f6      0x229 ./Drivers/STM32G4xx_HAL_Driver/Src/stm32g4xx_hal_pwr_ex.o
 .debug_abbrev  0x000000000000171f      0x2bd ./Drivers/STM32G4xx_HAL_Driver/Src/stm32g4xx_hal_rcc.o
 .debug_abbrev  0x00000000000019dc      0x247 ./Drivers/STM32G4xx_HAL_Driver/Src/stm32g4xx_hal_rcc_ex.o
 .debug_abbrev  0x0000000000001c23      0x28e ./Drivers/STM32G4xx_HAL_Driver/Src/stm32g4xx_hal_tim.o
 .debug_abbrev  0x0000000000001eb1      0x2ab ./Drivers/STM32G4xx_HAL_Driver/Src/stm32g4xx_hal_tim_ex.o
 .debug_abbrev  0x000000000000215c      0x22f ./Drivers/STM32G4xx_HAL_Driver/Src/stm32g4xx_ll_usb.o
 .debug_abbrev  0x000000000000238b      0x2a6 ./Middlewares/ST/STM32_USB_Device_Library/Class/CDC/Src/usbd_cdc.o
 .debug_abbrev  0x0000000000002631      0x23d ./Middlewares/ST/STM32_USB_Device_Library/Core/Src/usbd_core.o
 .debug_abbrev  0x000000000000286e      0x26d ./Middlewares/ST/STM32_USB_Device_Library/Core/Src/usbd_ctlreq.o
 .debug_abbrev  0x0000000000002adb      0x19b ./Middlewares/ST/STM32_USB_Device_Library/Core/Src/usbd_ioreq.o
 .debug_abbrev  0x0000000000002c76      0x19b ./USB_Device/App/usb_device.o
 .debug_abbrev  0x0000000000002e11      0x2b6 ./USB_Device/App/usbd_cdc_if.o
 .debug_abbrev  0x00000000000030c7      0x209 ./USB_Device/App/usbd_desc.o
 .debug_abbrev  0x00000000000032d0      0x31d ./USB_Device/Target/usbd_conf.o

.debug_aranges  0x0000000000000000     0x1360
 .debug_aranges
                0x0000000000000000       0xb8 ./Core/Src/main.o
 .debug_aranges
                0x00000000000000b8       0x58 ./Core/Src/stm32g4xx_hal_msp.o
 .debug_aranges
                0x0000000000000110       0x70 ./Core/Src/stm32g4xx_it.o
 .debug_aranges
                0x0000000000000180       0x28 ./Core/Src/system_stm32g4xx.o
 .debug_aranges
                0x00000000000001a8       0x28 ./Core/Startup/startup_stm32g441kbtx.o
 .debug_aranges
                0x00000000000001d0      0x130 ./Drivers/STM32G4xx_HAL_Driver/Src/stm32g4xx_hal.o
 .debug_aranges
                0x0000000000000300      0x118 ./Drivers/STM32G4xx_HAL_Driver/Src/stm32g4xx_hal_cortex.o
 .debug_aranges
                0x0000000000000418       0x58 ./Drivers/STM32G4xx_HAL_Driver/Src/stm32g4xx_hal_gpio.o
 .debug_aranges
                0x0000000000000470      0x130 ./Drivers/STM32G4xx_HAL_Driver/Src/stm32g4xx_hal_pcd.o
 .debug_aranges
                0x00000000000005a0       0x58 ./Drivers/STM32G4xx_HAL_Driver/Src/stm32g4xx_hal_pcd_ex.o
 .debug_aranges
                0x00000000000005f8      0x140 ./Drivers/STM32G4xx_HAL_Driver/Src/stm32g4xx_hal_pwr_ex.o
 .debug_aranges
                0x0000000000000738       0x98 ./Drivers/STM32G4xx_HAL_Driver/Src/stm32g4xx_hal_rcc.o
 .debug_aranges
                0x00000000000007d0       0xb0 ./Drivers/STM32G4xx_HAL_Driver/Src/stm32g4xx_hal_rcc_ex.o
 .debug_aranges
                0x0000000000000880      0x3e0 ./Drivers/STM32G4xx_HAL_Driver/Src/stm32g4xx_hal_tim.o
 .debug_aranges
                0x0000000000000c60      0x240 ./Drivers/STM32G4xx_HAL_Driver/Src/stm32g4xx_hal_tim_ex.o
 .debug_aranges
                0x0000000000000ea0       0xb0 ./Drivers/STM32G4xx_HAL_Driver/Src/stm32g4xx_ll_usb.o
 .debug_aranges
                0x0000000000000f50       0x90 ./Middlewares/ST/STM32_USB_Device_Library/Class/CDC/Src/usbd_cdc.o
 .debug_aranges
                0x0000000000000fe0       0xb8 ./Middlewares/ST/STM32_USB_Device_Library/Core/Src/usbd_core.o
 .debug_aranges
                0x0000000000001098       0x90 ./Middlewares/ST/STM32_USB_Device_Library/Core/Src/usbd_ctlreq.o
 .debug_aranges
                0x0000000000001128       0x50 ./Middlewares/ST/STM32_USB_Device_Library/Core/Src/usbd_ioreq.o
 .debug_aranges
                0x0000000000001178       0x20 ./USB_Device/App/usb_device.o
 .debug_aranges
                0x0000000000001198       0x48 ./USB_Device/App/usbd_cdc_if.o
 .debug_aranges
                0x00000000000011e0       0x60 ./USB_Device/App/usbd_desc.o
 .debug_aranges
                0x0000000000001240      0x120 ./USB_Device/Target/usbd_conf.o

.debug_ranges   0x0000000000000000     0x11e8
 .debug_ranges  0x0000000000000000       0xa8 ./Core/Src/main.o
 .debug_ranges  0x00000000000000a8       0x48 ./Core/Src/stm32g4xx_hal_msp.o
 .debug_ranges  0x00000000000000f0       0x60 ./Core/Src/stm32g4xx_it.o
 .debug_ranges  0x0000000000000150       0x18 ./Core/Src/system_stm32g4xx.o
 .debug_ranges  0x0000000000000168       0x20 ./Core/Startup/startup_stm32g441kbtx.o
 .debug_ranges  0x0000000000000188      0x120 ./Drivers/STM32G4xx_HAL_Driver/Src/stm32g4xx_hal.o
 .debug_ranges  0x00000000000002a8      0x108 ./Drivers/STM32G4xx_HAL_Driver/Src/stm32g4xx_hal_cortex.o
 .debug_ranges  0x00000000000003b0       0x48 ./Drivers/STM32G4xx_HAL_Driver/Src/stm32g4xx_hal_gpio.o
 .debug_ranges  0x00000000000003f8      0x120 ./Drivers/STM32G4xx_HAL_Driver/Src/stm32g4xx_hal_pcd.o
 .debug_ranges  0x0000000000000518       0x48 ./Drivers/STM32G4xx_HAL_Driver/Src/stm32g4xx_hal_pcd_ex.o
 .debug_ranges  0x0000000000000560      0x130 ./Drivers/STM32G4xx_HAL_Driver/Src/stm32g4xx_hal_pwr_ex.o
 .debug_ranges  0x0000000000000690       0x88 ./Drivers/STM32G4xx_HAL_Driver/Src/stm32g4xx_hal_rcc.o
 .debug_ranges  0x0000000000000718       0xa0 ./Drivers/STM32G4xx_HAL_Driver/Src/stm32g4xx_hal_rcc_ex.o
 .debug_ranges  0x00000000000007b8      0x3d0 ./Drivers/STM32G4xx_HAL_Driver/Src/stm32g4xx_hal_tim.o
 .debug_ranges  0x0000000000000b88      0x230 ./Drivers/STM32G4xx_HAL_Driver/Src/stm32g4xx_hal_tim_ex.o
 .debug_ranges  0x0000000000000db8       0xa0 ./Drivers/STM32G4xx_HAL_Driver/Src/stm32g4xx_ll_usb.o
 .debug_ranges  0x0000000000000e58       0x80 ./Middlewares/ST/STM32_USB_Device_Library/Class/CDC/Src/usbd_cdc.o
 .debug_ranges  0x0000000000000ed8       0xa8 ./Middlewares/ST/STM32_USB_Device_Library/Core/Src/usbd_core.o
 .debug_ranges  0x0000000000000f80       0x80 ./Middlewares/ST/STM32_USB_Device_Library/Core/Src/usbd_ctlreq.o
 .debug_ranges  0x0000000000001000       0x40 ./Middlewares/ST/STM32_USB_Device_Library/Core/Src/usbd_ioreq.o
 .debug_ranges  0x0000000000001040       0x10 ./USB_Device/App/usb_device.o
 .debug_ranges  0x0000000000001050       0x38 ./USB_Device/App/usbd_cdc_if.o
 .debug_ranges  0x0000000000001088       0x50 ./USB_Device/App/usbd_desc.o
 .debug_ranges  0x00000000000010d8      0x110 ./USB_Device/Target/usbd_conf.o

.debug_macro    0x0000000000000000    0x20c57
 .debug_macro   0x0000000000000000      0x422 ./Core/Src/main.o
 .debug_macro   0x0000000000000422      0xa78 ./Core/Src/main.o
 .debug_macro   0x0000000000000e9a      0x15b ./Core/Src/main.o
 .debug_macro   0x0000000000000ff5       0x2e ./Core/Src/main.o
 .debug_macro   0x0000000000001023       0x28 ./Core/Src/main.o
 .debug_macro   0x000000000000104b       0x22 ./Core/Src/main.o
 .debug_macro   0x000000000000106d       0x8e ./Core/Src/main.o
 .debug_macro   0x00000000000010fb       0x51 ./Core/Src/main.o
 .debug_macro   0x000000000000114c      0x103 ./Core/Src/main.o
 .debug_macro   0x000000000000124f       0x6a ./Core/Src/main.o
 .debug_macro   0x00000000000012b9      0x1df ./Core/Src/main.o
 .debug_macro   0x0000000000001498       0x1c ./Core/Src/main.o
 .debug_macro   0x00000000000014b4       0x22 ./Core/Src/main.o
 .debug_macro   0x00000000000014d6       0xfb ./Core/Src/main.o
 .debug_macro   0x00000000000015d1     0x1011 ./Core/Src/main.o
 .debug_macro   0x00000000000025e2      0x11f ./Core/Src/main.o
 .debug_macro   0x0000000000002701    0x11778 ./Core/Src/main.o
 .debug_macro   0x0000000000013e79       0x6d ./Core/Src/main.o
 .debug_macro   0x0000000000013ee6     0x3554 ./Core/Src/main.o
 .debug_macro   0x000000000001743a      0x174 ./Core/Src/main.o
 .debug_macro   0x00000000000175ae       0x5c ./Core/Src/main.o
 .debug_macro   0x000000000001760a     0x1463 ./Core/Src/main.o
 .debug_macro   0x0000000000018a6d      0x535 ./Core/Src/main.o
 .debug_macro   0x0000000000018fa2      0x1b6 ./Core/Src/main.o
 .debug_macro   0x0000000000019158      0x288 ./Core/Src/main.o
 .debug_macro   0x00000000000193e0      0x41d ./Core/Src/main.o
 .debug_macro   0x00000000000197fd      0x18b ./Core/Src/main.o
 .debug_macro   0x0000000000019988       0x43 ./Core/Src/main.o
 .debug_macro   0x00000000000199cb      0x23d ./Core/Src/main.o
 .debug_macro   0x0000000000019c08      0x211 ./Core/Src/main.o
 .debug_macro   0x0000000000019e19      0x401 ./Core/Src/main.o
 .debug_macro   0x000000000001a21a      0x107 ./Core/Src/main.o
 .debug_macro   0x000000000001a321       0x6c ./Core/Src/main.o
 .debug_macro   0x000000000001a38d      0x234 ./Core/Src/main.o
 .debug_macro   0x000000000001a5c1      0x122 ./Core/Src/main.o
 .debug_macro   0x000000000001a6e3      0x3d1 ./Core/Src/main.o
 .debug_macro   0x000000000001aab4      0xbbe ./Core/Src/main.o
 .debug_macro   0x000000000001b672      0x47e ./Core/Src/main.o
 .debug_macro   0x000000000001baf0      0x306 ./Core/Src/main.o
 .debug_macro   0x000000000001bdf6       0xe8 ./Core/Src/main.o
 .debug_macro   0x000000000001bede       0x52 ./Core/Src/main.o
 .debug_macro   0x000000000001bf30       0x1e ./Core/Src/main.o
 .debug_macro   0x000000000001bf4e       0x3c ./Core/Src/main.o
 .debug_macro   0x000000000001bf8a       0x34 ./Core/Src/main.o
 .debug_macro   0x000000000001bfbe       0x16 ./Core/Src/main.o
 .debug_macro   0x000000000001bfd4       0x35 ./Core/Src/main.o
 .debug_macro   0x000000000001c009      0x341 ./Core/Src/main.o
 .debug_macro   0x000000000001c34a       0x10 ./Core/Src/main.o
 .debug_macro   0x000000000001c35a       0x16 ./Core/Src/main.o
 .debug_macro   0x000000000001c370       0x43 ./Core/Src/main.o
 .debug_macro   0x000000000001c3b3       0x34 ./Core/Src/main.o
 .debug_macro   0x000000000001c3e7       0x10 ./Core/Src/main.o
 .debug_macro   0x000000000001c3f7       0x58 ./Core/Src/main.o
 .debug_macro   0x000000000001c44f       0x71 ./Core/Src/main.o
 .debug_macro   0x000000000001c4c0       0x1c ./Core/Src/main.o
 .debug_macro   0x000000000001c4dc      0x12a ./Core/Src/main.o
 .debug_macro   0x000000000001c606       0x10 ./Core/Src/main.o
 .debug_macro   0x000000000001c616       0x1c ./Core/Src/main.o
 .debug_macro   0x000000000001c632       0x52 ./Core/Src/main.o
 .debug_macro   0x000000000001c684       0x22 ./Core/Src/main.o
 .debug_macro   0x000000000001c6a6       0x10 ./Core/Src/main.o
 .debug_macro   0x000000000001c6b6       0x52 ./Core/Src/main.o
 .debug_macro   0x000000000001c708       0xd5 ./Core/Src/main.o
 .debug_macro   0x000000000001c7dd       0x1c ./Core/Src/main.o
 .debug_macro   0x000000000001c7f9       0x3d ./Core/Src/main.o
 .debug_macro   0x000000000001c836       0x16 ./Core/Src/main.o
 .debug_macro   0x000000000001c84c      0x145 ./Core/Src/main.o
 .debug_macro   0x000000000001c991       0x16 ./Core/Src/main.o
 .debug_macro   0x000000000001c9a7       0x16 ./Core/Src/main.o
 .debug_macro   0x000000000001c9bd       0x29 ./Core/Src/main.o
 .debug_macro   0x000000000001c9e6       0x16 ./Core/Src/main.o
 .debug_macro   0x000000000001c9fc       0x20 ./Core/Src/main.o
 .debug_macro   0x000000000001ca1c       0x5f ./Core/Src/main.o
 .debug_macro   0x000000000001ca7b      0x1ef ./Core/Src/main.o
 .debug_macro   0x000000000001cc6a       0x95 ./Core/Src/main.o
 .debug_macro   0x000000000001ccff       0x10 ./Core/Src/main.o
 .debug_macro   0x000000000001cd0f      0x1ed ./Core/Src/stm32g4xx_hal_msp.o
 .debug_macro   0x000000000001cefc      0x1f7 ./Core/Src/stm32g4xx_it.o
 .debug_macro   0x000000000001d0f3      0x1de ./Core/Src/system_stm32g4xx.o
 .debug_macro   0x000000000001d2d1      0x22c ./Drivers/STM32G4xx_HAL_Driver/Src/stm32g4xx_hal.o
 .debug_macro   0x000000000001d4fd      0x1de ./Drivers/STM32G4xx_HAL_Driver/Src/stm32g4xx_hal_cortex.o
 .debug_macro   0x000000000001d6db      0x1e5 ./Drivers/STM32G4xx_HAL_Driver/Src/stm32g4xx_hal_gpio.o
 .debug_macro   0x000000000001d8c0      0x1ea ./Drivers/STM32G4xx_HAL_Driver/Src/stm32g4xx_hal_pcd.o
 .debug_macro   0x000000000001daaa      0x1de ./Drivers/STM32G4xx_HAL_Driver/Src/stm32g4xx_hal_pcd_ex.o
 .debug_macro   0x000000000001dc88      0x208 ./Drivers/STM32G4xx_HAL_Driver/Src/stm32g4xx_hal_pwr_ex.o
 .debug_macro   0x000000000001de90      0x220 ./Drivers/STM32G4xx_HAL_Driver/Src/stm32g4xx_hal_rcc.o
 .debug_macro   0x000000000001e0b0      0x208 ./Drivers/STM32G4xx_HAL_Driver/Src/stm32g4xx_hal_rcc_ex.o
 .debug_macro   0x000000000001e2b8      0x1e6 ./Drivers/STM32G4xx_HAL_Driver/Src/stm32g4xx_hal_tim.o
 .debug_macro   0x000000000001e49e      0x1e4 ./Drivers/STM32G4xx_HAL_Driver/Src/stm32g4xx_hal_tim_ex.o
 .debug_macro   0x000000000001e682      0x1de ./Drivers/STM32G4xx_HAL_Driver/Src/stm32g4xx_ll_usb.o
 .debug_macro   0x000000000001e860      0x3f4 ./Middlewares/ST/STM32_USB_Device_Library/Class/CDC/Src/usbd_cdc.o
 .debug_macro   0x000000000001ec54       0x97 ./Middlewares/ST/STM32_USB_Device_Library/Class/CDC/Src/usbd_cdc.o
 .debug_macro   0x000000000001eceb       0xfd ./Middlewares/ST/STM32_USB_Device_Library/Class/CDC/Src/usbd_cdc.o
 .debug_macro   0x000000000001ede8       0x56 ./Middlewares/ST/STM32_USB_Device_Library/Class/CDC/Src/usbd_cdc.o
 .debug_macro   0x000000000001ee3e      0x3db ./Middlewares/ST/STM32_USB_Device_Library/Core/Src/usbd_core.o
 .debug_macro   0x000000000001f219      0x1f5 ./Middlewares/ST/STM32_USB_Device_Library/Core/Src/usbd_core.o
 .debug_macro   0x000000000001f40e      0x3e5 ./Middlewares/ST/STM32_USB_Device_Library/Core/Src/usbd_ctlreq.o
 .debug_macro   0x000000000001f7f3      0x3e1 ./Middlewares/ST/STM32_USB_Device_Library/Core/Src/usbd_ioreq.o
 .debug_macro   0x000000000001fbd4      0x41a ./USB_Device/App/usb_device.o
 .debug_macro   0x000000000001ffee       0x22 ./USB_Device/App/usb_device.o
 .debug_macro   0x0000000000020010       0x16 ./USB_Device/App/usb_device.o
 .debug_macro   0x0000000000020026      0x3ff ./USB_Device/App/usbd_cdc_if.o
 .debug_macro   0x0000000000020425      0x418 ./USB_Device/App/usbd_desc.o
 .debug_macro   0x000000000002083d       0x1c ./USB_Device/App/usbd_desc.o
 .debug_macro   0x0000000000020859      0x3fe ./USB_Device/Target/usbd_conf.o

.debug_line     0x0000000000000000    0x1670b
 .debug_line    0x0000000000000000     0x11ba ./Core/Src/main.o
 .debug_line    0x00000000000011ba      0x8e0 ./Core/Src/stm32g4xx_hal_msp.o
 .debug_line    0x0000000000001a9a      0x7dd ./Core/Src/stm32g4xx_it.o
 .debug_line    0x0000000000002277      0x754 ./Core/Src/system_stm32g4xx.o
 .debug_line    0x00000000000029cb       0x89 ./Core/Startup/startup_stm32g441kbtx.o
 .debug_line    0x0000000000002a54      0xacb ./Drivers/STM32G4xx_HAL_Driver/Src/stm32g4xx_hal.o
 .debug_line    0x000000000000351f      0xc7e ./Drivers/STM32G4xx_HAL_Driver/Src/stm32g4xx_hal_cortex.o
 .debug_line    0x000000000000419d      0xb0e ./Drivers/STM32G4xx_HAL_Driver/Src/stm32g4xx_hal_gpio.o
 .debug_line    0x0000000000004cab     0x12f3 ./Drivers/STM32G4xx_HAL_Driver/Src/stm32g4xx_hal_pcd.o
 .debug_line    0x0000000000005f9e      0x85f ./Drivers/STM32G4xx_HAL_Driver/Src/stm32g4xx_hal_pcd_ex.o
 .debug_line    0x00000000000067fd      0xc82 ./Drivers/STM32G4xx_HAL_Driver/Src/stm32g4xx_hal_pwr_ex.o
 .debug_line    0x000000000000747f      0xee1 ./Drivers/STM32G4xx_HAL_Driver/Src/stm32g4xx_hal_rcc.o
 .debug_line    0x0000000000008360     0x10a4 ./Drivers/STM32G4xx_HAL_Driver/Src/stm32g4xx_hal_rcc_ex.o
 .debug_line    0x0000000000009404     0x3dd2 ./Drivers/STM32G4xx_HAL_Driver/Src/stm32g4xx_hal_tim.o
 .debug_line    0x000000000000d1d6     0x204e ./Drivers/STM32G4xx_HAL_Driver/Src/stm32g4xx_hal_tim_ex.o
 .debug_line    0x000000000000f224      0xf3a ./Drivers/STM32G4xx_HAL_Driver/Src/stm32g4xx_ll_usb.o
 .debug_line    0x000000000001015e      0xdab ./Middlewares/ST/STM32_USB_Device_Library/Class/CDC/Src/usbd_cdc.o
 .debug_line    0x0000000000010f09      0xe2e ./Middlewares/ST/STM32_USB_Device_Library/Core/Src/usbd_core.o
 .debug_line    0x0000000000011d37     0x10ce ./Middlewares/ST/STM32_USB_Device_Library/Core/Src/usbd_ctlreq.o
 .debug_line    0x0000000000012e05      0xa85 ./Middlewares/ST/STM32_USB_Device_Library/Core/Src/usbd_ioreq.o
 .debug_line    0x000000000001388a      0xa41 ./USB_Device/App/usb_device.o
 .debug_line    0x00000000000142cb      0xaa5 ./USB_Device/App/usbd_cdc_if.o
 .debug_line    0x0000000000014d70      0xb0a ./USB_Device/App/usbd_desc.o
 .debug_line    0x000000000001587a      0xe91 ./USB_Device/Target/usbd_conf.o

.debug_str      0x0000000000000000    0xc655b
 .debug_str     0x0000000000000000    0xc1552 ./Core/Src/main.o
                                      0xc1998 (size before relaxing)
 .debug_str     0x00000000000c1552      0x573 ./Core/Src/stm32g4xx_hal_msp.o
                                      0xbcb26 (size before relaxing)
 .debug_str     0x00000000000c1ac5      0x3ef ./Core/Src/stm32g4xx_it.o
                                      0xbc820 (size before relaxing)
 .debug_str     0x00000000000c1eb4       0xdb ./Core/Src/system_stm32g4xx.o
                                      0xbbc9f (size before relaxing)
 .debug_str     0x00000000000c1f8f       0x75 ./Core/Startup/startup_stm32g441kbtx.o
 .debug_str     0x00000000000c2004      0x5bc ./Drivers/STM32G4xx_HAL_Driver/Src/stm32g4xx_hal.o
                                      0xbc7c0 (size before relaxing)
 .debug_str     0x00000000000c25c0      0x31d ./Drivers/STM32G4xx_HAL_Driver/Src/stm32g4xx_hal_cortex.o
                                      0xbc46b (size before relaxing)
 .debug_str     0x00000000000c28dd      0x117 ./Drivers/STM32G4xx_HAL_Driver/Src/stm32g4xx_hal_gpio.o
                                      0xbbe2a (size before relaxing)
 .debug_str     0x00000000000c29f4      0x527 ./Drivers/STM32G4xx_HAL_Driver/Src/stm32g4xx_hal_pcd.o
                                      0xbc3e7 (size before relaxing)
 .debug_str     0x00000000000c2f1b      0x186 ./Drivers/STM32G4xx_HAL_Driver/Src/stm32g4xx_hal_pcd_ex.o
                                      0xbc063 (size before relaxing)
 .debug_str     0x00000000000c30a1      0x4c6 ./Drivers/STM32G4xx_HAL_Driver/Src/stm32g4xx_hal_pwr_ex.o
                                      0xbc18d (size before relaxing)
 .debug_str     0x00000000000c3567      0x4e0 ./Drivers/STM32G4xx_HAL_Driver/Src/stm32g4xx_hal_rcc.o
                                      0xbc398 (size before relaxing)
 .debug_str     0x00000000000c3a47      0x5a3 ./Drivers/STM32G4xx_HAL_Driver/Src/stm32g4xx_hal_rcc_ex.o
                                      0xbc399 (size before relaxing)
 .debug_str     0x00000000000c3fea      0xdbb ./Drivers/STM32G4xx_HAL_Driver/Src/stm32g4xx_hal_tim.o
                                      0xbd18d (size before relaxing)
 .debug_str     0x00000000000c4da5      0x808 ./Drivers/STM32G4xx_HAL_Driver/Src/stm32g4xx_hal_tim_ex.o
                                      0xbce11 (size before relaxing)
 .debug_str     0x00000000000c55ad       0xcd ./Drivers/STM32G4xx_HAL_Driver/Src/stm32g4xx_ll_usb.o
                                      0xbbf34 (size before relaxing)
 .debug_str     0x00000000000c567a      0x684 ./Middlewares/ST/STM32_USB_Device_Library/Class/CDC/Src/usbd_cdc.o
                                      0xc113d (size before relaxing)
 .debug_str     0x00000000000c5cfe      0x288 ./Middlewares/ST/STM32_USB_Device_Library/Core/Src/usbd_core.o
                                      0xc0a0d (size before relaxing)
 .debug_str     0x00000000000c5f86      0x147 ./Middlewares/ST/STM32_USB_Device_Library/Core/Src/usbd_ctlreq.o
                                      0xc095f (size before relaxing)
 .debug_str     0x00000000000c60cd       0x51 ./Middlewares/ST/STM32_USB_Device_Library/Core/Src/usbd_ioreq.o
                                      0xc0854 (size before relaxing)
 .debug_str     0x00000000000c611e       0xc7 ./USB_Device/App/usb_device.o
                                      0xc0c08 (size before relaxing)
 .debug_str     0x00000000000c61e5       0x91 ./USB_Device/App/usbd_cdc_if.o
                                      0xc0c56 (size before relaxing)
 .debug_str     0x00000000000c6276      0x254 ./USB_Device/App/usbd_desc.o
                                      0xc075e (size before relaxing)
 .debug_str     0x00000000000c64ca       0x91 ./USB_Device/Target/usbd_conf.o
                                      0xc1adc (size before relaxing)

.comment        0x0000000000000000       0x50
 .comment       0x0000000000000000       0x50 ./Core/Src/main.o
                                         0x51 (size before relaxing)
 .comment       0x0000000000000050       0x51 ./Core/Src/stm32g4xx_hal_msp.o
 .comment       0x0000000000000050       0x51 ./Core/Src/stm32g4xx_it.o
 .comment       0x0000000000000050       0x51 ./Core/Src/system_stm32g4xx.o
 .comment       0x0000000000000050       0x51 ./Drivers/STM32G4xx_HAL_Driver/Src/stm32g4xx_hal.o
 .comment       0x0000000000000050       0x51 ./Drivers/STM32G4xx_HAL_Driver/Src/stm32g4xx_hal_cortex.o
 .comment       0x0000000000000050       0x51 ./Drivers/STM32G4xx_HAL_Driver/Src/stm32g4xx_hal_gpio.o
 .comment       0x0000000000000050       0x51 ./Drivers/STM32G4xx_HAL_Driver/Src/stm32g4xx_hal_pcd.o
 .comment       0x0000000000000050       0x51 ./Drivers/STM32G4xx_HAL_Driver/Src/stm32g4xx_hal_pcd_ex.o
 .comment       0x0000000000000050       0x51 ./Drivers/STM32G4xx_HAL_Driver/Src/stm32g4xx_hal_pwr_ex.o
 .comment       0x0000000000000050       0x51 ./Drivers/STM32G4xx_HAL_Driver/Src/stm32g4xx_hal_rcc.o
 .comment       0x0000000000000050       0x51 ./Drivers/STM32G4xx_HAL_Driver/Src/stm32g4xx_hal_rcc_ex.o
 .comment       0x0000000000000050       0x51 ./Drivers/STM32G4xx_HAL_Driver/Src/stm32g4xx_hal_tim.o
 .comment       0x0000000000000050       0x51 ./Drivers/STM32G4xx_HAL_Driver/Src/stm32g4xx_hal_tim_ex.o
 .comment       0x0000000000000050       0x51 ./Drivers/STM32G4xx_HAL_Driver/Src/stm32g4xx_ll_usb.o
 .comment       0x0000000000000050       0x51 ./Middlewares/ST/STM32_USB_Device_Library/Class/CDC/Src/usbd_cdc.o
 .comment       0x0000000000000050       0x51 ./Middlewares/ST/STM32_USB_Device_Library/Core/Src/usbd_core.o
 .comment       0x0000000000000050       0x51 ./Middlewares/ST/STM32_USB_Device_Library/Core/Src/usbd_ctlreq.o
 .comment       0x0000000000000050       0x51 ./Middlewares/ST/STM32_USB_Device_Library/Core/Src/usbd_ioreq.o
 .comment       0x0000000000000050       0x51 ./USB_Device/App/usb_device.o
 .comment       0x0000000000000050       0x51 ./USB_Device/App/usbd_cdc_if.o
 .comment       0x0000000000000050       0x51 ./USB_Device/App/usbd_desc.o
 .comment       0x0000000000000050       0x51 ./USB_Device/Target/usbd_conf.o

.debug_frame    0x0000000000000000     0x505c
 .debug_frame   0x0000000000000000      0x2cc ./Core/Src/main.o
 .debug_frame   0x00000000000002cc      0x13c ./Core/Src/stm32g4xx_hal_msp.o
 .debug_frame   0x0000000000000408      0x13c ./Core/Src/stm32g4xx_it.o
 .debug_frame   0x0000000000000544       0x58 ./Core/Src/system_stm32g4xx.o
 .debug_frame   0x000000000000059c      0x4a0 ./Drivers/STM32G4xx_HAL_Driver/Src/stm32g4xx_hal.o
 .debug_frame   0x0000000000000a3c      0x498 ./Drivers/STM32G4xx_HAL_Driver/Src/stm32g4xx_hal_cortex.o
 .debug_frame   0x0000000000000ed4      0x14c ./Drivers/STM32G4xx_HAL_Driver/Src/stm32g4xx_hal_gpio.o
 .debug_frame   0x0000000000001020      0x554 ./Drivers/STM32G4xx_HAL_Driver/Src/stm32g4xx_hal_pcd.o
 .debug_frame   0x0000000000001574      0x14c ./Drivers/STM32G4xx_HAL_Driver/Src/stm32g4xx_hal_pcd_ex.o
 .debug_frame   0x00000000000016c0      0x4fc ./Drivers/STM32G4xx_HAL_Driver/Src/stm32g4xx_hal_pwr_ex.o
 .debug_frame   0x0000000000001bbc      0x23c ./Drivers/STM32G4xx_HAL_Driver/Src/stm32g4xx_hal_rcc.o
 .debug_frame   0x0000000000001df8      0x2ac ./Drivers/STM32G4xx_HAL_Driver/Src/stm32g4xx_hal_rcc_ex.o
 .debug_frame   0x00000000000020a4     0x121c ./Drivers/STM32G4xx_HAL_Driver/Src/stm32g4xx_hal_tim.o